1791221882.1840794 [INFO] [launch]: All log files can be found below /home/hung/workspaces/ur_gz_humble/artifacts/gripper_debug/fixed_roslog/2026-10-06-00-38-02-183373-7560-ubuntu-33556
1791221882.1841841 [INFO] [launch]: Default logging verbosity is set to INFO
1791221882.8881063 [INFO] [robot_state_publisher-1]: process started with pid [33570]
1791221882.8886089 [INFO] [spawner-2]: process started with pid [33572]
1791221882.8887253 [INFO] [spawner-3]: process started with pid [33574]
1791221882.8888047 [INFO] [create-4]: process started with pid [33576]
1791221882.8888817 [INFO] [ign gazebo-5]: process started with pid [33578]
1791221882.8889503 [INFO] [parameter_bridge-6]: process started with pid [33582]
1791221882.8890250 [INFO] [spawner-7]: process started with pid [33584]
1791221882.8891394 [INFO] [move_group-8]: process started with pid [33586]
1791221882.8892119 [INFO] [initialize_scene.py-9]: process started with pid [33588]
1791221882.9214385 [robot_state_publisher-1] [INFO] [1791221882.920143002] [robot_state_publisher]: got segment base
1791221882.9216907 [robot_state_publisher-1] [INFO] [1791221882.920269671] [robot_state_publisher]: got segment base_link
1791221882.9217701 [robot_state_publisher-1] [INFO] [1791221882.920279110] [robot_state_publisher]: got segment base_link_inertia
1791221882.9218130 [robot_state_publisher-1] [INFO] [1791221882.920284771] [robot_state_publisher]: got segment flange
1791221882.9218545 [robot_state_publisher-1] [INFO] [1791221882.920290480] [robot_state_publisher]: got segment forearm_link
1791221882.9218926 [robot_state_publisher-1] [INFO] [1791221882.920295736] [robot_state_publisher]: got segment ft_frame
1791221882.9219303 [robot_state_publisher-1] [INFO] [1791221882.920300948] [robot_state_publisher]: got segment grasp_tcp
1791221882.9219663 [robot_state_publisher-1] [INFO] [1791221882.920306385] [robot_state_publisher]: got segment gripper_base
1791221882.9220049 [robot_state_publisher-1] [INFO] [1791221882.920312103] [robot_state_publisher]: got segment ground_plane
1791221882.9220643 [robot_state_publisher-1] [INFO] [1791221882.920317900] [robot_state_publisher]: got segment left_finger
1791221882.9221063 [robot_state_publisher-1] [INFO] [1791221882.920323130] [robot_state_publisher]: got segment right_finger
1791221882.9221420 [robot_state_publisher-1] [INFO] [1791221882.920328314] [robot_state_publisher]: got segment shoulder_link
1791221882.9221804 [robot_state_publisher-1] [INFO] [1791221882.920333782] [robot_state_publisher]: got segment tool0
1791221882.9222157 [robot_state_publisher-1] [INFO] [1791221882.920339246] [robot_state_publisher]: got segment upper_arm_link
1791221882.9222527 [robot_state_publisher-1] [INFO] [1791221882.920345253] [robot_state_publisher]: got segment world
1791221882.9222865 [robot_state_publisher-1] [INFO] [1791221882.920351062] [robot_state_publisher]: got segment wrist_1_link
1791221882.9223211 [robot_state_publisher-1] [INFO] [1791221882.920357177] [robot_state_publisher]: got segment wrist_2_link
1791221882.9223559 [robot_state_publisher-1] [INFO] [1791221882.920362943] [robot_state_publisher]: got segment wrist_3_link
1791221883.1631646 [spawner-3] [INFO] [1791221883.162920785] [spawner_joint_trajectory_controller]: waiting for service /controller_manager/list_controllers to become available...
1791221883.1755519 [spawner-2] [INFO] [1791221883.175257821] [spawner_joint_state_broadcaster]: waiting for service /controller_manager/list_controllers to become available...
1791221883.4139745 [INFO] [create-4]: process has finished cleanly [pid 33576]
1791221883.4163759 [INFO] [initialize_scene.py-9]: process has finished cleanly [pid 33588]
1791221885.6817069 [spawner-3] [INFO] [1791221885.681574908] [spawner_joint_trajectory_controller]: [94mLoaded [1mjoint_trajectory_controller[0m
1791221885.6954668 [spawner-2] [INFO] [1791221885.695328936] [spawner_joint_state_broadcaster]: [94mLoaded [1mjoint_state_broadcaster[0m
1791221885.7095718 [spawner-3] [INFO] [1791221885.709388889] [spawner_joint_trajectory_controller]: [92mConfigured and activated [1mjoint_trajectory_controller[0m
1791221885.7140098 [spawner-2] [INFO] [1791221885.713557578] [spawner_joint_state_broadcaster]: [92mConfigured and activated [1mjoint_state_broadcaster[0m
1791221885.8570712 [INFO] [spawner-7]: process has finished cleanly [pid 33584]
1791221885.8585534 [INFO] [spawner-3]: process has finished cleanly [pid 33574]
1791221885.8608689 [INFO] [spawner-2]: process has finished cleanly [pid 33572]
1791222163.0110669 [WARNING] [launch]: user interrupted with ctrl-c (SIGINT)
1791222163.0135336 [INFO] [move_group-8]: sending signal 'SIGINT' to process[move_group-8]
1791222163.0144446 [INFO] [parameter_bridge-6]: sending signal 'SIGINT' to process[parameter_bridge-6]
1791222163.0152285 [INFO] [ign gazebo-5]: sending signal 'SIGINT' to process[ign gazebo-5]
1791222163.0165036 [INFO] [robot_state_publisher-1]: sending signal 'SIGINT' to process[robot_state_publisher-1]
1791222163.0171013 [robot_state_publisher-1] [INFO] [1791222163.016587995] [rclcpp]: signal_handler(SIGINT/SIGTERM)
1791222163.1209154 [INFO] [parameter_bridge-6]: process has finished cleanly [pid 33582]
1791222163.1239138 [INFO] [robot_state_publisher-1]: process has finished cleanly [pid 33570]
1791222164.1725152 [ERROR] [move_group-8]: process has died [pid 33586, exit code -11, cmd '/opt/ros/humble/lib/moveit_ros_move_group/move_group --ros-args --params-file /tmp/launch_params_mtlm4n41 --params-file /tmp/launch_params_4jxddbjp --params-file /tmp/launch_params_7cefog7q --params-file /opt/ros/humble/share/ur_moveit_config/config/kinematics.yaml --params-file /tmp/launch_params_k6coggqx --params-file /tmp/launch_params_k953eza_ --params-file /tmp/launch_params_2ayqavuy --params-file /tmp/launch_params_igloo8r4 --params-file /tmp/launch_params__vc04ggu --params-file /tmp/launch_params_hicqvsr3 --params-file /tmp/launch_params_ypsk22cw'].
1791222168.0173512 [ERROR] [ign gazebo-5]: process[ign gazebo-5] failed to terminate '5' seconds after receiving 'SIGINT', escalating to 'SIGTERM'
1791222168.0178130 [INFO] [ign gazebo-5]: sending signal 'SIGTERM' to process[ign gazebo-5]
1791222168.0186112 [ERROR] [ign gazebo-5]: process has died [pid 33578, exit code -15, cmd 'ruby /usr/bin/ign gazebo  -s -r -v 4 /home/hung/workspaces/ur_gz_humble/install/hri_bai2_environment/share/hri_bai2_environment/worlds/bai2.sdf --force-version 6'].
