[INFO] [1791220943.032949363] [gz_ros2_control]: connected to service!! robot_state_publisher asking for robot_description
[INFO] [1791220943.033309969] [gz_ros2_control]: Received URDF from param server
[INFO] [1791220943.034225730] [gz_ros2_control]: [gz_ros2_control] Fixed joint ['base_joint'] (Entity='65') is skipped.
[INFO] [1791220943.036421579] [gz_ros2_control]: The position_proportional_gain has been set to: 0.1
[INFO] [1791220943.036478471] [gz_ros2_control]: Loading joint: shoulder_pan_joint
[INFO] [1791220943.036491717] [gz_ros2_control]: 	State:
[INFO] [1791220943.036497064] [gz_ros2_control]: 		 position
[INFO] [1791220943.036505311] [gz_ros2_control]: 			 found initial value: 0.000000
[INFO] [1791220943.036515566] [gz_ros2_control]: 		 velocity
[INFO] [1791220943.036523723] [gz_ros2_control]: 		 effort
[INFO] [1791220943.036528822] [gz_ros2_control]: 	Command:
[INFO] [1791220943.036532401] [gz_ros2_control]: 		 position
[INFO] [1791220943.036543678] [gz_ros2_control]: 		 velocity
[INFO] [1791220943.036552643] [gz_ros2_control]: Loading joint: shoulder_lift_joint
[INFO] [1791220943.036556643] [gz_ros2_control]: 	State:
[INFO] [1791220943.036559821] [gz_ros2_control]: 		 position
[INFO] [1791220943.036563156] [gz_ros2_control]: 			 found initial value: -1.570000
[INFO] [1791220943.036566924] [gz_ros2_control]: 		 velocity
[INFO] [1791220943.036570448] [gz_ros2_control]: 		 effort
[INFO] [1791220943.036573682] [gz_ros2_control]: 	Command:
[INFO] [1791220943.036577147] [gz_ros2_control]: 		 position
[INFO] [1791220943.036581482] [gz_ros2_control]: 		 velocity
[INFO] [1791220943.036588783] [gz_ros2_control]: Loading joint: elbow_joint
[INFO] [1791220943.036594999] [gz_ros2_control]: 	State:
[INFO] [1791220943.036601317] [gz_ros2_control]: 		 position
[INFO] [1791220943.036604851] [gz_ros2_control]: 			 found initial value: 0.000000
[INFO] [1791220943.036610534] [gz_ros2_control]: 		 velocity
[INFO] [1791220943.036627327] [gz_ros2_control]: 		 effort
[INFO] [1791220943.036632082] [gz_ros2_control]: 	Command:
[INFO] [1791220943.036635351] [gz_ros2_control]: 		 position
[INFO] [1791220943.036655203] [gz_ros2_control]: 		 velocity
[INFO] [1791220943.036661228] [gz_ros2_control]: Loading joint: wrist_1_joint
[INFO] [1791220943.036665188] [gz_ros2_control]: 	State:
[INFO] [1791220943.036668494] [gz_ros2_control]: 		 position
[INFO] [1791220943.036671691] [gz_ros2_control]: 			 found initial value: -1.570000
[INFO] [1791220943.036675392] [gz_ros2_control]: 		 velocity
[INFO] [1791220943.036678633] [gz_ros2_control]: 		 effort
[INFO] [1791220943.036681876] [gz_ros2_control]: 	Command:
[INFO] [1791220943.036685138] [gz_ros2_control]: 		 position
[INFO] [1791220943.036689190] [gz_ros2_control]: 		 velocity
[INFO] [1791220943.036694800] [gz_ros2_control]: Loading joint: wrist_2_joint
[INFO] [1791220943.036698398] [gz_ros2_control]: 	State:
[INFO] [1791220943.036701614] [gz_ros2_control]: 		 position
[INFO] [1791220943.036704940] [gz_ros2_control]: 			 found initial value: 0.000000
[INFO] [1791220943.036708480] [gz_ros2_control]: 		 velocity
[INFO] [1791220943.036711527] [gz_ros2_control]: 		 effort
[INFO] [1791220943.036714815] [gz_ros2_control]: 	Command:
[INFO] [1791220943.036719341] [gz_ros2_control]: 		 position
[INFO] [1791220943.036725025] [gz_ros2_control]: 		 velocity
[INFO] [1791220943.036734274] [gz_ros2_control]: Loading joint: wrist_3_joint
[INFO] [1791220943.036738345] [gz_ros2_control]: 	State:
[INFO] [1791220943.036741622] [gz_ros2_control]: 		 position
[INFO] [1791220943.036744879] [gz_ros2_control]: 			 found initial value: 0.000000
[INFO] [1791220943.036748349] [gz_ros2_control]: 		 velocity
[INFO] [1791220943.036754279] [gz_ros2_control]: 		 effort
[INFO] [1791220943.036757483] [gz_ros2_control]: 	Command:
[INFO] [1791220943.036761061] [gz_ros2_control]: 		 position
[INFO] [1791220943.036765843] [gz_ros2_control]: 		 velocity
[INFO] [1791220943.036818154] [resource_manager]: Initialize hardware 'ur' 
[WARN] [1791220943.036836537] [gz_ros2_control]: The ign_ros2_control plugin got renamed to gz_ros2_control.
Update the <ros2_control> tag and gazebo plugin to
<hardware>
  <plugin>gz_ros2_control/GazeboSimSystem</plugin>
</hardware>
<gazebo>
  <plugin filename="gz_ros2_control-system"name="gz_ros2_control::GazeboSimROS2ControlPlugin">
    ...
  </plugin>
</gazebo>
[INFO] [1791220943.036875414] [resource_manager]: Successful initialization of hardware 'ur'
[INFO] [1791220943.036905585] [resource_manager]: 'configure' hardware 'ur' 
[INFO] [1791220943.036908635] [gz_ros2_control]: System Successfully configured!
[INFO] [1791220943.036915355] [resource_manager]: Successful 'configure' of hardware 'ur'
[INFO] [1791220943.036920700] [resource_manager]: 'activate' hardware 'ur' 
[INFO] [1791220943.036925148] [resource_manager]: Successful 'activate' of hardware 'ur'
[INFO] [1791220943.036994291] [gz_ros2_control]: The position_proportional_gain has been set to: 0.1
[INFO] [1791220943.037029392] [gz_ros2_control]: Loading joint: left_finger_joint
[INFO] [1791220943.037044321] [gz_ros2_control]: 	State:
[INFO] [1791220943.037050765] [gz_ros2_control]: 		 position
[INFO] [1791220943.037055970] [gz_ros2_control]: 			 found initial value: 0.015000
[INFO] [1791220943.037064363] [gz_ros2_control]: 		 velocity
[INFO] [1791220943.037068864] [gz_ros2_control]: 	Command:
[INFO] [1791220943.037072671] [gz_ros2_control]: 		 position
[INFO] [1791220943.037084183] [gz_ros2_control]: Loading joint: right_finger_joint
[INFO] [1791220943.037088056] [gz_ros2_control]: 	State:
[INFO] [1791220943.037091830] [gz_ros2_control]: 		 position
[INFO] [1791220943.037097849] [gz_ros2_control]: 			 found initial value: 0.015000
[INFO] [1791220943.037115003] [gz_ros2_control]: 		 velocity
[INFO] [1791220943.037119015] [gz_ros2_control]: 	Command:
[INFO] [1791220943.037122426] [gz_ros2_control]: 		 position
[INFO] [1791220943.037137229] [resource_manager]: Initialize hardware 'hri_gripper' 
[WARN] [1791220943.037158833] [gz_ros2_control]: The ign_ros2_control plugin got renamed to gz_ros2_control.
Update the <ros2_control> tag and gazebo plugin to
<hardware>
  <plugin>gz_ros2_control/GazeboSimSystem</plugin>
</hardware>
<gazebo>
  <plugin filename="gz_ros2_control-system"name="gz_ros2_control::GazeboSimROS2ControlPlugin">
    ...
  </plugin>
</gazebo>
[INFO] [1791220943.037167742] [resource_manager]: Successful initialization of hardware 'hri_gripper'
[INFO] [1791220943.037174899] [resource_manager]: 'configure' hardware 'hri_gripper' 
[INFO] [1791220943.037177015] [gz_ros2_control]: System Successfully configured!
[INFO] [1791220943.037181688] [resource_manager]: Successful 'configure' of hardware 'hri_gripper'
[INFO] [1791220943.037185176] [resource_manager]: 'activate' hardware 'hri_gripper' 
[INFO] [1791220943.037187970] [resource_manager]: Successful 'activate' of hardware 'hri_gripper'
[INFO] [1791220943.037190997] [gz_ros2_control]: Loading controller_manager
[INFO] [1791220943.046177511] [controller_manager]: Loading controller 'joint_state_broadcaster'
[INFO] [1791220943.052182284] [controller_manager]: Loading controller 'joint_trajectory_controller'
[WARN] [1791220943.058026682] [joint_trajectory_controller]: [Deprecated]: "allow_nonzero_velocity_at_trajectory_end" is set to true. The default behavior will change to false.
[INFO] [1791220943.058156199] [controller_manager]: Configuring controller 'joint_state_broadcaster'
[INFO] [1791220943.058281546] [joint_state_broadcaster]: 'joints' or 'interfaces' parameter is empty. All available state interfaces will be published
[INFO] [1791220943.061723013] [controller_manager]: Configuring controller 'joint_trajectory_controller'
[INFO] [1791220943.061837754] [joint_trajectory_controller]: No specific joint names are used for command interfaces. Using 'joints' parameter.
[INFO] [1791220943.061853053] [joint_trajectory_controller]: Command interfaces are [position] and state interfaces are [position velocity].
[INFO] [1791220943.061867309] [joint_trajectory_controller]: Using 'splines' interpolation method.
[INFO] [1791220943.062439761] [joint_trajectory_controller]: Controller state will be published at 100.00 Hz.
[INFO] [1791220943.063536704] [joint_trajectory_controller]: Action status changes will be monitored at 20.00 Hz.
[WARN] [1791220943.063709967] [gz_ros2_control]:  Desired controller update period (0.002 s) is slower than the gazebo simulation period (0.001 s).
[INFO] [1791220962.560392210] [controller_manager]: Loading controller 'gripper_controller'
[WARN] [1791220962.565376836] [gripper_controller]: [Deprecated]: "allow_nonzero_velocity_at_trajectory_end" is set to true. The default behavior will change to false.
[INFO] [1791220962.576650986] [controller_manager]: Configuring controller 'gripper_controller'
[INFO] [1791220962.576712300] [gripper_controller]: No specific joint names are used for command interfaces. Using 'joints' parameter.
[INFO] [1791220962.576722030] [gripper_controller]: Command interfaces are [position] and state interfaces are [position velocity].
[INFO] [1791220962.576729171] [gripper_controller]: Using 'splines' interpolation method.
[INFO] [1791220962.576908754] [gripper_controller]: Controller state will be published at 50.00 Hz.
[INFO] [1791220962.577619761] [gripper_controller]: Action status changes will be monitored at 20.00 Hz.
[INFO] [1791221286.422430522] [gripper_controller]: Received new action goal
[INFO] [1791221286.422497406] [gripper_controller]: Accepted new action goal
[INFO] [1791221289.423466847] [gripper_controller]: Goal reached, success!
[INFO] [1791221361.175936002] [joint_trajectory_controller]: Received new action goal
[INFO] [1791221361.175975110] [joint_trajectory_controller]: Accepted new action goal
[INFO] [1791221366.176433926] [joint_trajectory_controller]: Goal reached, success!
[INFO] [1791221366.681079887] [gripper_controller]: Received new action goal
[INFO] [1791221366.681117508] [gripper_controller]: Accepted new action goal
[INFO] [1791221369.682425790] [gripper_controller]: Goal reached, success!
[INFO] [1791221370.234957676] [gripper_controller]: Received new action goal
[INFO] [1791221370.234988291] [gripper_controller]: Accepted new action goal
[ERROR] [1791221371.398521520] [tolerances]: State tolerances failed for joint 1:
[ERROR] [1791221371.398564807] [tolerances]: Position Error: 0.005008, Position Tolerance: 0.005000
[WARN] [1791221371.398579189] [gripper_controller]: Aborted due to state tolerance violation
[INFO] [1791221442.897572007] [joint_trajectory_controller]: Received new action goal
[INFO] [1791221442.897606214] [joint_trajectory_controller]: Accepted new action goal
[INFO] [1791221447.898199365] [joint_trajectory_controller]: Goal reached, success!
[INFO] [1791221448.452928824] [gripper_controller]: Received new action goal
[INFO] [1791221448.452967483] [gripper_controller]: Accepted new action goal
[INFO] [1791221451.454205123] [gripper_controller]: Goal reached, success!
[INFO] [1791221452.006729544] [gripper_controller]: Received new action goal
[INFO] [1791221452.006774305] [gripper_controller]: Accepted new action goal
[ERROR] [1791221453.170124972] [tolerances]: State tolerances failed for joint 1:
[ERROR] [1791221453.170177919] [tolerances]: Position Error: 0.005008, Position Tolerance: 0.005000
[WARN] [1791221453.170186675] [gripper_controller]: Aborted due to state tolerance violation
[INFO] [1791221480.255224700] [joint_trajectory_controller]: Received new action goal
[INFO] [1791221480.255264010] [joint_trajectory_controller]: Accepted new action goal
[INFO] [1791221485.256162005] [joint_trajectory_controller]: Goal reached, success!
[INFO] [1791221485.812107922] [gripper_controller]: Received new action goal
[INFO] [1791221485.812143237] [gripper_controller]: Accepted new action goal
[INFO] [1791221488.812296945] [gripper_controller]: Goal reached, success!
[INFO] [1791221489.316497633] [gripper_controller]: Received new action goal
[INFO] [1791221489.316527999] [gripper_controller]: Accepted new action goal
[ERROR] [1791221490.480162531] [tolerances]: State tolerances failed for joint 0:
[ERROR] [1791221490.480209390] [tolerances]: Position Error: 0.005008, Position Tolerance: 0.005000
[WARN] [1791221490.480220661] [gripper_controller]: Aborted due to state tolerance violation
