[INFO] [1791221885.457573691] [gz_ros2_control]: connected to service!! robot_state_publisher asking for robot_description
[INFO] [1791221885.457943797] [gz_ros2_control]: Received URDF from param server
[INFO] [1791221885.458827435] [gz_ros2_control]: [gz_ros2_control] Fixed joint ['base_joint'] (Entity='65') is skipped.
[INFO] [1791221885.460885348] [gz_ros2_control]: The position_proportional_gain has been set to: 0.1
[INFO] [1791221885.460926062] [gz_ros2_control]: Loading joint: shoulder_pan_joint
[INFO] [1791221885.460933842] [gz_ros2_control]: 	State:
[INFO] [1791221885.460940614] [gz_ros2_control]: 		 position
[INFO] [1791221885.460949022] [gz_ros2_control]: 			 found initial value: 0.000000
[INFO] [1791221885.460955966] [gz_ros2_control]: 		 velocity
[INFO] [1791221885.460962068] [gz_ros2_control]: 		 effort
[INFO] [1791221885.460968143] [gz_ros2_control]: 	Command:
[INFO] [1791221885.460974385] [gz_ros2_control]: 		 position
[INFO] [1791221885.460985703] [gz_ros2_control]: 		 velocity
[INFO] [1791221885.460993923] [gz_ros2_control]: Loading joint: shoulder_lift_joint
[INFO] [1791221885.460997965] [gz_ros2_control]: 	State:
[INFO] [1791221885.461001145] [gz_ros2_control]: 		 position
[INFO] [1791221885.461004768] [gz_ros2_control]: 			 found initial value: -1.570000
[INFO] [1791221885.461008591] [gz_ros2_control]: 		 velocity
[INFO] [1791221885.461012040] [gz_ros2_control]: 		 effort
[INFO] [1791221885.461015704] [gz_ros2_control]: 	Command:
[INFO] [1791221885.461019306] [gz_ros2_control]: 		 position
[INFO] [1791221885.461023727] [gz_ros2_control]: 		 velocity
[INFO] [1791221885.461029702] [gz_ros2_control]: Loading joint: elbow_joint
[INFO] [1791221885.461033559] [gz_ros2_control]: 	State:
[INFO] [1791221885.461041795] [gz_ros2_control]: 		 position
[INFO] [1791221885.461045538] [gz_ros2_control]: 			 found initial value: 0.000000
[INFO] [1791221885.461049327] [gz_ros2_control]: 		 velocity
[INFO] [1791221885.461052560] [gz_ros2_control]: 		 effort
[INFO] [1791221885.461056246] [gz_ros2_control]: 	Command:
[INFO] [1791221885.461059380] [gz_ros2_control]: 		 position
[INFO] [1791221885.461063724] [gz_ros2_control]: 		 velocity
[INFO] [1791221885.461069277] [gz_ros2_control]: Loading joint: wrist_1_joint
[INFO] [1791221885.461073082] [gz_ros2_control]: 	State:
[INFO] [1791221885.461076329] [gz_ros2_control]: 		 position
[INFO] [1791221885.461079761] [gz_ros2_control]: 			 found initial value: -1.570000
[INFO] [1791221885.461085913] [gz_ros2_control]: 		 velocity
[INFO] [1791221885.461089618] [gz_ros2_control]: 		 effort
[INFO] [1791221885.461092969] [gz_ros2_control]: 	Command:
[INFO] [1791221885.461096041] [gz_ros2_control]: 		 position
[INFO] [1791221885.461100164] [gz_ros2_control]: 		 velocity
[INFO] [1791221885.461105933] [gz_ros2_control]: Loading joint: wrist_2_joint
[INFO] [1791221885.461109627] [gz_ros2_control]: 	State:
[INFO] [1791221885.461112848] [gz_ros2_control]: 		 position
[INFO] [1791221885.461116004] [gz_ros2_control]: 			 found initial value: 0.000000
[INFO] [1791221885.461119678] [gz_ros2_control]: 		 velocity
[INFO] [1791221885.461123086] [gz_ros2_control]: 		 effort
[INFO] [1791221885.461128794] [gz_ros2_control]: 	Command:
[INFO] [1791221885.461133247] [gz_ros2_control]: 		 position
[INFO] [1791221885.461138377] [gz_ros2_control]: 		 velocity
[INFO] [1791221885.461146418] [gz_ros2_control]: Loading joint: wrist_3_joint
[INFO] [1791221885.461149924] [gz_ros2_control]: 	State:
[INFO] [1791221885.461153053] [gz_ros2_control]: 		 position
[INFO] [1791221885.461156241] [gz_ros2_control]: 			 found initial value: 0.000000
[INFO] [1791221885.461161284] [gz_ros2_control]: 		 velocity
[INFO] [1791221885.461169320] [gz_ros2_control]: 		 effort
[INFO] [1791221885.461172716] [gz_ros2_control]: 	Command:
[INFO] [1791221885.461175983] [gz_ros2_control]: 		 position
[INFO] [1791221885.461180201] [gz_ros2_control]: 		 velocity
[INFO] [1791221885.461235819] [resource_manager]: Initialize hardware 'ur' 
[WARN] [1791221885.461256971] [gz_ros2_control]: The ign_ros2_control plugin got renamed to gz_ros2_control.
Update the <ros2_control> tag and gazebo plugin to
<hardware>
  <plugin>gz_ros2_control/GazeboSimSystem</plugin>
</hardware>
<gazebo>
  <plugin filename="gz_ros2_control-system"name="gz_ros2_control::GazeboSimROS2ControlPlugin">
    ...
  </plugin>
</gazebo>
[INFO] [1791221885.461301586] [resource_manager]: Successful initialization of hardware 'ur'
[INFO] [1791221885.461328915] [resource_manager]: 'configure' hardware 'ur' 
[INFO] [1791221885.461331328] [gz_ros2_control]: System Successfully configured!
[INFO] [1791221885.461337374] [resource_manager]: Successful 'configure' of hardware 'ur'
[INFO] [1791221885.461342536] [resource_manager]: 'activate' hardware 'ur' 
[INFO] [1791221885.461347476] [resource_manager]: Successful 'activate' of hardware 'ur'
[INFO] [1791221885.461412888] [gz_ros2_control]: The position_proportional_gain has been set to: 0.1
[INFO] [1791221885.461424523] [gz_ros2_control]: Loading joint: left_finger_joint
[INFO] [1791221885.461428846] [gz_ros2_control]: 	State:
[INFO] [1791221885.461432327] [gz_ros2_control]: 		 position
[INFO] [1791221885.461436077] [gz_ros2_control]: 			 found initial value: 0.015000
[INFO] [1791221885.461440360] [gz_ros2_control]: 		 velocity
[INFO] [1791221885.461443786] [gz_ros2_control]: 		 effort
[INFO] [1791221885.461447021] [gz_ros2_control]: 	Command:
[INFO] [1791221885.461450271] [gz_ros2_control]: 		 effort
[INFO] [1791221885.461470819] [gz_ros2_control]: Loading joint: right_finger_joint
[INFO] [1791221885.461477359] [gz_ros2_control]: 	State:
[INFO] [1791221885.461482660] [gz_ros2_control]: 		 position
[INFO] [1791221885.461487998] [gz_ros2_control]: 			 found initial value: 0.015000
[INFO] [1791221885.461492767] [gz_ros2_control]: 		 velocity
[INFO] [1791221885.461496707] [gz_ros2_control]: 		 effort
[INFO] [1791221885.461500343] [gz_ros2_control]: 	Command:
[INFO] [1791221885.461504184] [gz_ros2_control]: 		 effort
[INFO] [1791221885.461513102] [resource_manager]: Initialize hardware 'hri_gripper' 
[WARN] [1791221885.461523675] [gz_ros2_control]: The ign_ros2_control plugin got renamed to gz_ros2_control.
Update the <ros2_control> tag and gazebo plugin to
<hardware>
  <plugin>gz_ros2_control/GazeboSimSystem</plugin>
</hardware>
<gazebo>
  <plugin filename="gz_ros2_control-system"name="gz_ros2_control::GazeboSimROS2ControlPlugin">
    ...
  </plugin>
</gazebo>
[INFO] [1791221885.461530963] [resource_manager]: Successful initialization of hardware 'hri_gripper'
[INFO] [1791221885.461538884] [resource_manager]: 'configure' hardware 'hri_gripper' 
[INFO] [1791221885.461541077] [gz_ros2_control]: System Successfully configured!
[INFO] [1791221885.461546017] [resource_manager]: Successful 'configure' of hardware 'hri_gripper'
[INFO] [1791221885.461549263] [resource_manager]: 'activate' hardware 'hri_gripper' 
[INFO] [1791221885.461552145] [resource_manager]: Successful 'activate' of hardware 'hri_gripper'
[INFO] [1791221885.461554942] [gz_ros2_control]: Loading controller_manager
[WARN] [1791221885.486843343] [gz_ros2_control]:  Desired controller update period (0.002 s) is slower than the gazebo simulation period (0.001 s).
[INFO] [1791221885.666520896] [controller_manager]: Loading controller 'gripper_controller'
[WARN] [1791221885.673681730] [gripper_controller]: [Deprecated]: "allow_nonzero_velocity_at_trajectory_end" is set to true. The default behavior will change to false.
[INFO] [1791221885.674827305] [controller_manager]: Loading controller 'joint_trajectory_controller'
[WARN] [1791221885.680184692] [joint_trajectory_controller]: [Deprecated]: "allow_nonzero_velocity_at_trajectory_end" is set to true. The default behavior will change to false.
[INFO] [1791221885.680943559] [controller_manager]: Configuring controller 'gripper_controller'
[INFO] [1791221885.681148661] [gripper_controller]: No specific joint names are used for command interfaces. Using 'joints' parameter.
[WARN] [1791221885.681186196] [gripper_controller]: 'ff_velocity_scale' parameters is not defined under 'gains.<joint_name>.' structure. Maybe you are using deprecated format 'ff_velocity_scale/<joint_name>'!
[WARN] [1791221885.681276080] [gripper_controller]: 'ff_velocity_scale' parameters is not defined under 'gains.<joint_name>.' structure. Maybe you are using deprecated format 'ff_velocity_scale/<joint_name>'!
[INFO] [1791221885.681320602] [gripper_controller]: Command interfaces are [effort] and state interfaces are [position velocity].
[INFO] [1791221885.681339126] [gripper_controller]: Using 'splines' interpolation method.
[INFO] [1791221885.682825526] [gripper_controller]: Controller state will be published at 50.00 Hz.
[INFO] [1791221885.685237328] [gripper_controller]: Action status changes will be monitored at 20.00 Hz.
[INFO] [1791221885.688868004] [controller_manager]: Loading controller 'joint_state_broadcaster'
[INFO] [1791221885.694725665] [controller_manager]: Configuring controller 'joint_trajectory_controller'
[INFO] [1791221885.694848596] [joint_trajectory_controller]: No specific joint names are used for command interfaces. Using 'joints' parameter.
[INFO] [1791221885.694863245] [joint_trajectory_controller]: Command interfaces are [position] and state interfaces are [position velocity].
[INFO] [1791221885.694871716] [joint_trajectory_controller]: Using 'splines' interpolation method.
[INFO] [1791221885.695085568] [joint_trajectory_controller]: Controller state will be published at 100.00 Hz.
[INFO] [1791221885.695862864] [joint_trajectory_controller]: Action status changes will be monitored at 20.00 Hz.
[INFO] [1791221885.698944990] [controller_manager]: Configuring controller 'joint_state_broadcaster'
[INFO] [1791221885.698985086] [joint_state_broadcaster]: 'joints' or 'interfaces' parameter is empty. All available state interfaces will be published
[INFO] [1791221913.929255348] [joint_trajectory_controller]: Received new action goal
[INFO] [1791221913.929346484] [joint_trajectory_controller]: Accepted new action goal
[INFO] [1791221918.934253243] [joint_trajectory_controller]: Goal reached, success!
[INFO] [1791221919.483331468] [gripper_controller]: Received new action goal
[INFO] [1791221919.483365777] [gripper_controller]: Accepted new action goal
[INFO] [1791221922.484237006] [gripper_controller]: Goal reached, success!
[INFO] [1791221923.037402766] [gripper_controller]: Received new action goal
[INFO] [1791221923.037444420] [gripper_controller]: Accepted new action goal
[INFO] [1791221926.038259324] [gripper_controller]: Goal reached, success!
[INFO] [1791221926.590590315] [gripper_controller]: Received new action goal
[INFO] [1791221926.590630681] [gripper_controller]: Accepted new action goal
[INFO] [1791221929.592276955] [gripper_controller]: Goal reached, success!
[INFO] [1791221930.145342342] [gripper_controller]: Received new action goal
[INFO] [1791221930.145384773] [gripper_controller]: Accepted new action goal
[INFO] [1791221933.146211662] [gripper_controller]: Goal reached, success!
[INFO] [1791221933.699583560] [gripper_controller]: Received new action goal
[INFO] [1791221933.699628544] [gripper_controller]: Accepted new action goal
[INFO] [1791221936.703443011] [gripper_controller]: Goal reached, success!
[INFO] [1791221937.254498362] [gripper_controller]: Received new action goal
[INFO] [1791221937.254552981] [gripper_controller]: Accepted new action goal
[INFO] [1791221940.255375136] [gripper_controller]: Goal reached, success!
