Waiting for an action server to become available...
Sending goal:
     trajectory:
  header:
    stamp:
      sec: 0
      nanosec: 0
    frame_id: ''
  joint_names:
  - left_finger_joint
  - right_finger_joint
  points:
  - positions:
    - 0.015
    - 0.015
    velocities:
    - 0.0
    - 0.0
    accelerations: []
    effort: []
    time_from_start:
      sec: 3
      nanosec: 0
multi_dof_trajectory:
  header:
    stamp:
      sec: 0
      nanosec: 0
    frame_id: ''
  joint_names: []
  points: []
path_tolerance: []
component_path_tolerance: []
goal_tolerance: []
component_goal_tolerance: []
goal_time_tolerance:
  sec: 0
  nanosec: 0

Goal accepted with ID: 03ba18cc6e02463eb8e33d12aae4a1f9

Result:
    error_code: 0
error_string: Goal successfully reached!

Goal finished with status: SUCCEEDED
