[INFO] [launch]: All log files can be found below /home/hung/workspaces/ur_gz_humble/artifacts/gripper_debug/baseline_roslog/2026-10-06-00-22-20-368081-7560-ubuntu-32388
[INFO] [launch]: Default logging verbosity is set to INFO
[INFO] [robot_state_publisher-1]: process started with pid [32391]
[INFO] [spawner-2]: process started with pid [32393]
[INFO] [spawner-3]: process started with pid [32395]
[INFO] [create-4]: process started with pid [32397]
[INFO] [ign gazebo-5]: process started with pid [32399]
[INFO] [parameter_bridge-6]: process started with pid [32401]
[robot_state_publisher-1] [INFO] [1791220940.832497992] [robot_state_publisher]: got segment base
[robot_state_publisher-1] [INFO] [1791220940.832633001] [robot_state_publisher]: got segment base_link
[robot_state_publisher-1] [INFO] [1791220940.832640952] [robot_state_publisher]: got segment base_link_inertia
[robot_state_publisher-1] [INFO] [1791220940.832658192] [robot_state_publisher]: got segment flange
[robot_state_publisher-1] [INFO] [1791220940.832662383] [robot_state_publisher]: got segment forearm_link
[robot_state_publisher-1] [INFO] [1791220940.832666653] [robot_state_publisher]: got segment ft_frame
[robot_state_publisher-1] [INFO] [1791220940.832670700] [robot_state_publisher]: got segment grasp_tcp
[robot_state_publisher-1] [INFO] [1791220940.832674781] [robot_state_publisher]: got segment gripper_base
[robot_state_publisher-1] [INFO] [1791220940.832682591] [robot_state_publisher]: got segment ground_plane
[robot_state_publisher-1] [INFO] [1791220940.832686581] [robot_state_publisher]: got segment left_finger
[robot_state_publisher-1] [INFO] [1791220940.832691164] [robot_state_publisher]: got segment right_finger
[robot_state_publisher-1] [INFO] [1791220940.832696882] [robot_state_publisher]: got segment shoulder_link
[robot_state_publisher-1] [INFO] [1791220940.832702335] [robot_state_publisher]: got segment tool0
[robot_state_publisher-1] [INFO] [1791220940.832705503] [robot_state_publisher]: got segment upper_arm_link
[robot_state_publisher-1] [INFO] [1791220940.832708617] [robot_state_publisher]: got segment world
[robot_state_publisher-1] [INFO] [1791220940.832712083] [robot_state_publisher]: got segment wrist_1_link
[robot_state_publisher-1] [INFO] [1791220940.832714932] [robot_state_publisher]: got segment wrist_2_link
[robot_state_publisher-1] [INFO] [1791220940.832717725] [robot_state_publisher]: got segment wrist_3_link
[create-4] [INFO] [1791220940.844810488] [ros_gz_sim]: Requesting list of world names.
[parameter_bridge-6] [INFO] [1791220940.858795026] [ros_gz_bridge]: Creating GZ->ROS Bridge: [/clock (ignition.msgs.Clock) -> /clock (rosgraph_msgs/msg/Clock)] (Lazy 0)
[spawner-3] [INFO] [1791220941.039500985] [spawner_joint_trajectory_controller]: waiting for service /controller_manager/list_controllers to become available...
[spawner-2] [INFO] [1791220941.039558295] [spawner_joint_state_broadcaster]: waiting for service /controller_manager/list_controllers to become available...
[create-4] [INFO] [1791220941.202489713] [ros_gz_sim]: Requested creation of entity.
[create-4] [INFO] [1791220941.202531700] [ros_gz_sim]: OK creation of entity.
[INFO] [create-4]: process has finished cleanly [pid 32397]
[ign gazebo-5] [1;32m[Msg] [0m[1;32mIgnition Gazebo Server v[0m[1;32m6.18.0[0m[1;32m[0m
[ign gazebo-5] [1;32m[Msg] [0m[1;32mLoading SDF world file[[0m[1;32m/home/hung/workspaces/ur_gz_humble/src/hri_bai2_environment/worlds/bai2.sdf[0m[1;32m].[0m
[ign gazebo-5] [1;32m[Msg] [0m[1;32mServing entity system service on [[0m[1;32m/[0m[1;32mentity/system/add[0m[1;32m][0m[1;32m[0m
[ign gazebo-5] [1;36m[Dbg] [Physics.cc:804] [0m[1;36mLoaded [[0m[1;36mignition::physics::dartsim::Plugin[0m[1;36m] from library [[0m[1;36m/usr/lib/x86_64-linux-gnu/ign-physics-5/engine-plugins/libignition-physics-dartsim-plugin.so[0m[1;36m][0m[1;36m[0m
[ign gazebo-5] [1;36m[Dbg] [SystemManager.cc:73] [0m[1;36mLoaded system [[0m[1;36mignition::gazebo::systems::Physics[0m[1;36m] for entity [[0m[1;36m1[0m[1;36m][0m[1;36m[0m
[ign gazebo-5] [1;32m[Msg] [0m[1;32mCreate service on [[0m[1;32m/world/bai2/create[0m[1;32m][0m[1;32m[0m
[ign gazebo-5] [1;32m[Msg] [0m[1;32mRemove service on [[0m[1;32m/world/bai2/remove[0m[1;32m][0m[1;32m[0m
[ign gazebo-5] [1;32m[Msg] [0m[1;32mPose service on [[0m[1;32m/world/bai2/set_pose[0m[1;32m][0m[1;32m[0m
[ign gazebo-5] [1;32m[Msg] [0m[1;32mPose service on [[0m[1;32m/world/bai2/set_pose_vector[0m[1;32m][0m[1;32m[0m
[ign gazebo-5] [1;32m[Msg] [0m[1;32mLight configuration service on [[0m[1;32m/world/bai2/light_config[0m[1;32m][0m[1;32m[0m
[ign gazebo-5] [1;32m[Msg] [0m[1;32mPhysics service on [[0m[1;32m/world/bai2/set_physics[0m[1;32m][0m[1;32m[0m
[ign gazebo-5] [1;32m[Msg] [0m[1;32mSphericalCoordinates service on [[0m[1;32m/world/bai2/set_spherical_coordinates[0m[1;32m][0m[1;32m[0m
[ign gazebo-5] [1;32m[Msg] [0m[1;32mEnable collision service on [[0m[1;32m/world/bai2/enable_collision[0m[1;32m][0m[1;32m[0m
[ign gazebo-5] [1;32m[Msg] [0m[1;32mDisable collision service on [[0m[1;32m/world/bai2/disable_collision[0m[1;32m][0m[1;32m[0m
[ign gazebo-5] [1;32m[Msg] [0m[1;32mMaterial service on [[0m[1;32m/world/bai2/visual_config[0m[1;32m][0m[1;32m[0m
[ign gazebo-5] [1;32m[Msg] [0m[1;32mMaterial service on [[0m[1;32m/world/bai2/wheel_slip[0m[1;32m][0m[1;32m[0m
[ign gazebo-5] [1;36m[Dbg] [SystemManager.cc:73] [0m[1;36mLoaded system [[0m[1;36mignition::gazebo::systems::UserCommands[0m[1;36m] for entity [[0m[1;36m1[0m[1;36m][0m[1;36m[0m
[ign gazebo-5] [1;36m[Dbg] [SystemManager.cc:73] [0m[1;36mLoaded system [[0m[1;36mignition::gazebo::systems::SceneBroadcaster[0m[1;36m] for entity [[0m[1;36m1[0m[1;36m][0m[1;36m[0m
[ign gazebo-5] [1;32m[Msg] [0m[1;32mLoaded level [[0m[1;32m3[0m[1;32m][0m[1;32m[0m
[ign gazebo-5] [1;32m[Msg] [0m[1;32mServing world controls on [[0m[1;32m/world/bai2[0m[1;32m/control], [[0m[1;32m/world/bai2[0m[1;32m/control/state] and [[0m[1;32m/world/bai2[0m[1;32m/playback/control][0m[1;32m[0m
[ign gazebo-5] [1;32m[Msg] [0m[1;32mServing GUI information on [[0m[1;32m/world/bai2[0m[1;32m/[0m[1;32mgui/info[0m[1;32m][0m[1;32m[0m
[ign gazebo-5] [1;32m[Msg] [0m[1;32mWorld [[0m[1;32mbai2[0m[1;32m] initialized with [[0m[1;32mphysics[0m[1;32m] physics profile.[0m[1;32m[0m
[ign gazebo-5] [1;32m[Msg] [0m[1;32mServing world SDF generation service on [[0m[1;32m/world/bai2[0m[1;32m/[0m[1;32mgenerate_world_sdf[0m[1;32m][0m[1;32m[0m
[ign gazebo-5] [1;32m[Msg] [0m[1;32mServing world names on [[0m[1;32m/gazebo/worlds[0m[1;32m][0m[1;32m[0m
[ign gazebo-5] [1;32m[Msg] [0m[1;32mResource path add service on [[0m[1;32m/gazebo/resource_paths/add[0m[1;32m].[0m[1;32m[0m
[ign gazebo-5] [1;32m[Msg] [0m[1;32mResource path get service on [[0m[1;32m/gazebo/resource_paths/get[0m[1;32m].[0m[1;32m[0m
[ign gazebo-5] [1;32m[Msg] [0m[1;32mResource path resolve service on [[0m[1;32m/gazebo/resource_paths/resolve[0m[1;32m].[0m[1;32m[0m
[ign gazebo-5] [1;32m[Msg] [0m[1;32mResource paths published on [[0m[1;32m/gazebo/resource_paths[0m[1;32m].[0m[1;32m[0m
[ign gazebo-5] [1;32m[Msg] [0m[1;32mServer control service on [[0m[1;32m/server_control[0m[1;32m].[0m[1;32m[0m
[ign gazebo-5] [1;32m[Msg] [0m[1;32mFound no publishers on /stats, adding root stats topic[0m[1;32m[0m
[ign gazebo-5] [1;32m[Msg] [0m[1;32mFound no publishers on /clock, adding root clock topic[0m[1;32m[0m
[ign gazebo-5] [1;36m[Dbg] [SimulationRunner.cc:501] [0m[1;36mCreating PostUpdate worker threads: [0m[1;36m2[0m[1;36m[0m
[ign gazebo-5] [INFO] [1791220943.017517781] [GazeboSimROS2ControlPlugin]: robot_param_node is robot_state_publisher
[ign gazebo-5] [INFO] [1791220943.017544313] [GazeboSimROS2ControlPlugin]: robot_param_node is robot_description
[ign gazebo-5] [INFO] [1791220943.032949363] [gz_ros2_control]: connected to service!! robot_state_publisher asking for robot_description
[ign gazebo-5] [INFO] [1791220943.033309969] [gz_ros2_control]: Received URDF from param server
[ign gazebo-5] [INFO] [1791220943.034225730] [gz_ros2_control]: [gz_ros2_control] Fixed joint ['base_joint'] (Entity='65') is skipped.
[ign gazebo-5] [INFO] [1791220943.036421579] [gz_ros2_control]: The position_proportional_gain has been set to: 0.1
[ign gazebo-5] [INFO] [1791220943.036478471] [gz_ros2_control]: Loading joint: shoulder_pan_joint
[ign gazebo-5] [INFO] [1791220943.036491717] [gz_ros2_control]: 	State:
[ign gazebo-5] [INFO] [1791220943.036497064] [gz_ros2_control]: 		 position
[ign gazebo-5] [INFO] [1791220943.036505311] [gz_ros2_control]: 			 found initial value: 0.000000
[ign gazebo-5] [INFO] [1791220943.036515566] [gz_ros2_control]: 		 velocity
[ign gazebo-5] [INFO] [1791220943.036523723] [gz_ros2_control]: 		 effort
[ign gazebo-5] [INFO] [1791220943.036528822] [gz_ros2_control]: 	Command:
[ign gazebo-5] [INFO] [1791220943.036532401] [gz_ros2_control]: 		 position
[ign gazebo-5] [INFO] [1791220943.036543678] [gz_ros2_control]: 		 velocity
[ign gazebo-5] [INFO] [1791220943.036552643] [gz_ros2_control]: Loading joint: shoulder_lift_joint
[ign gazebo-5] [INFO] [1791220943.036556643] [gz_ros2_control]: 	State:
[ign gazebo-5] [INFO] [1791220943.036559821] [gz_ros2_control]: 		 position
[ign gazebo-5] [INFO] [1791220943.036563156] [gz_ros2_control]: 			 found initial value: -1.570000
[ign gazebo-5] [INFO] [1791220943.036566924] [gz_ros2_control]: 		 velocity
[ign gazebo-5] [INFO] [1791220943.036570448] [gz_ros2_control]: 		 effort
[ign gazebo-5] [INFO] [1791220943.036573682] [gz_ros2_control]: 	Command:
[ign gazebo-5] [INFO] [1791220943.036577147] [gz_ros2_control]: 		 position
[ign gazebo-5] [INFO] [1791220943.036581482] [gz_ros2_control]: 		 velocity
[ign gazebo-5] [INFO] [1791220943.036588783] [gz_ros2_control]: Loading joint: elbow_joint
[ign gazebo-5] [INFO] [1791220943.036594999] [gz_ros2_control]: 	State:
[ign gazebo-5] [INFO] [1791220943.036601317] [gz_ros2_control]: 		 position
[ign gazebo-5] [INFO] [1791220943.036604851] [gz_ros2_control]: 			 found initial value: 0.000000
[ign gazebo-5] [INFO] [1791220943.036610534] [gz_ros2_control]: 		 velocity
[ign gazebo-5] [INFO] [1791220943.036627327] [gz_ros2_control]: 		 effort
[ign gazebo-5] [INFO] [1791220943.036632082] [gz_ros2_control]: 	Command:
[ign gazebo-5] [INFO] [1791220943.036635351] [gz_ros2_control]: 		 position
[ign gazebo-5] [INFO] [1791220943.036655203] [gz_ros2_control]: 		 velocity
[ign gazebo-5] [INFO] [1791220943.036661228] [gz_ros2_control]: Loading joint: wrist_1_joint
[ign gazebo-5] [INFO] [1791220943.036665188] [gz_ros2_control]: 	State:
[ign gazebo-5] [INFO] [1791220943.036668494] [gz_ros2_control]: 		 position
[ign gazebo-5] [INFO] [1791220943.036671691] [gz_ros2_control]: 			 found initial value: -1.570000
[ign gazebo-5] [INFO] [1791220943.036675392] [gz_ros2_control]: 		 velocity
[ign gazebo-5] [INFO] [1791220943.036678633] [gz_ros2_control]: 		 effort
[ign gazebo-5] [INFO] [1791220943.036681876] [gz_ros2_control]: 	Command:
[ign gazebo-5] [INFO] [1791220943.036685138] [gz_ros2_control]: 		 position
[ign gazebo-5] [INFO] [1791220943.036689190] [gz_ros2_control]: 		 velocity
[ign gazebo-5] [INFO] [1791220943.036694800] [gz_ros2_control]: Loading joint: wrist_2_joint
[ign gazebo-5] [INFO] [1791220943.036698398] [gz_ros2_control]: 	State:
[ign gazebo-5] [INFO] [1791220943.036701614] [gz_ros2_control]: 		 position
[ign gazebo-5] [INFO] [1791220943.036704940] [gz_ros2_control]: 			 found initial value: 0.000000
[ign gazebo-5] [INFO] [1791220943.036708480] [gz_ros2_control]: 		 velocity
[ign gazebo-5] [INFO] [1791220943.036711527] [gz_ros2_control]: 		 effort
[ign gazebo-5] [INFO] [1791220943.036714815] [gz_ros2_control]: 	Command:
[ign gazebo-5] [INFO] [1791220943.036719341] [gz_ros2_control]: 		 position
[ign gazebo-5] [INFO] [1791220943.036725025] [gz_ros2_control]: 		 velocity
[ign gazebo-5] [INFO] [1791220943.036734274] [gz_ros2_control]: Loading joint: wrist_3_joint
[ign gazebo-5] [INFO] [1791220943.036738345] [gz_ros2_control]: 	State:
[ign gazebo-5] [INFO] [1791220943.036741622] [gz_ros2_control]: 		 position
[ign gazebo-5] [INFO] [1791220943.036744879] [gz_ros2_control]: 			 found initial value: 0.000000
[ign gazebo-5] [INFO] [1791220943.036748349] [gz_ros2_control]: 		 velocity
[ign gazebo-5] [INFO] [1791220943.036754279] [gz_ros2_control]: 		 effort
[ign gazebo-5] [INFO] [1791220943.036757483] [gz_ros2_control]: 	Command:
[ign gazebo-5] [INFO] [1791220943.036761061] [gz_ros2_control]: 		 position
[ign gazebo-5] [INFO] [1791220943.036765843] [gz_ros2_control]: 		 velocity
[ign gazebo-5] [INFO] [1791220943.036818154] [resource_manager]: Initialize hardware 'ur' 
[ign gazebo-5] [WARN] [1791220943.036836537] [gz_ros2_control]: The ign_ros2_control plugin got renamed to gz_ros2_control.
[ign gazebo-5] Update the <ros2_control> tag and gazebo plugin to
[ign gazebo-5] <hardware>
[ign gazebo-5]   <plugin>gz_ros2_control/GazeboSimSystem</plugin>
[ign gazebo-5] </hardware>
[ign gazebo-5] <gazebo>
[ign gazebo-5]   <plugin filename="gz_ros2_control-system"name="gz_ros2_control::GazeboSimROS2ControlPlugin">
[ign gazebo-5]     ...
[ign gazebo-5]   </plugin>
[ign gazebo-5] </gazebo>
[ign gazebo-5] [INFO] [1791220943.036875414] [resource_manager]: Successful initialization of hardware 'ur'
[ign gazebo-5] [INFO] [1791220943.036905585] [resource_manager]: 'configure' hardware 'ur' 
[ign gazebo-5] [INFO] [1791220943.036908635] [gz_ros2_control]: System Successfully configured!
[ign gazebo-5] [INFO] [1791220943.036915355] [resource_manager]: Successful 'configure' of hardware 'ur'
[ign gazebo-5] [INFO] [1791220943.036920700] [resource_manager]: 'activate' hardware 'ur' 
[ign gazebo-5] [INFO] [1791220943.036925148] [resource_manager]: Successful 'activate' of hardware 'ur'
[ign gazebo-5] [INFO] [1791220943.036994291] [gz_ros2_control]: The position_proportional_gain has been set to: 0.1
[ign gazebo-5] [INFO] [1791220943.037029392] [gz_ros2_control]: Loading joint: left_finger_joint
[ign gazebo-5] [INFO] [1791220943.037044321] [gz_ros2_control]: 	State:
[ign gazebo-5] [INFO] [1791220943.037050765] [gz_ros2_control]: 		 position
[ign gazebo-5] [INFO] [1791220943.037055970] [gz_ros2_control]: 			 found initial value: 0.015000
[ign gazebo-5] [INFO] [1791220943.037064363] [gz_ros2_control]: 		 velocity
[ign gazebo-5] [INFO] [1791220943.037068864] [gz_ros2_control]: 	Command:
[ign gazebo-5] [INFO] [1791220943.037072671] [gz_ros2_control]: 		 position
[ign gazebo-5] [INFO] [1791220943.037084183] [gz_ros2_control]: Loading joint: right_finger_joint
[ign gazebo-5] [INFO] [1791220943.037088056] [gz_ros2_control]: 	State:
[ign gazebo-5] [INFO] [1791220943.037091830] [gz_ros2_control]: 		 position
[ign gazebo-5] [INFO] [1791220943.037097849] [gz_ros2_control]: 			 found initial value: 0.015000
[ign gazebo-5] [INFO] [1791220943.037115003] [gz_ros2_control]: 		 velocity
[ign gazebo-5] [INFO] [1791220943.037119015] [gz_ros2_control]: 	Command:
[ign gazebo-5] [INFO] [1791220943.037122426] [gz_ros2_control]: 		 position
[ign gazebo-5] [INFO] [1791220943.037137229] [resource_manager]: Initialize hardware 'hri_gripper' 
[ign gazebo-5] [WARN] [1791220943.037158833] [gz_ros2_control]: The ign_ros2_control plugin got renamed to gz_ros2_control.
[ign gazebo-5] Update the <ros2_control> tag and gazebo plugin to
[ign gazebo-5] <hardware>
[ign gazebo-5]   <plugin>gz_ros2_control/GazeboSimSystem</plugin>
[ign gazebo-5] </hardware>
[ign gazebo-5] <gazebo>
[ign gazebo-5]   <plugin filename="gz_ros2_control-system"name="gz_ros2_control::GazeboSimROS2ControlPlugin">
[ign gazebo-5]     ...
[ign gazebo-5]   </plugin>
[ign gazebo-5] </gazebo>
[ign gazebo-5] [INFO] [1791220943.037167742] [resource_manager]: Successful initialization of hardware 'hri_gripper'
[ign gazebo-5] [INFO] [1791220943.037174899] [resource_manager]: 'configure' hardware 'hri_gripper' 
[ign gazebo-5] [INFO] [1791220943.037177015] [gz_ros2_control]: System Successfully configured!
[ign gazebo-5] [INFO] [1791220943.037181688] [resource_manager]: Successful 'configure' of hardware 'hri_gripper'
[ign gazebo-5] [INFO] [1791220943.037185176] [resource_manager]: 'activate' hardware 'hri_gripper' 
[ign gazebo-5] [INFO] [1791220943.037187970] [resource_manager]: Successful 'activate' of hardware 'hri_gripper'
[ign gazebo-5] [INFO] [1791220943.037190997] [gz_ros2_control]: Loading controller_manager
[ign gazebo-5] [INFO] [1791220943.046177511] [controller_manager]: Loading controller 'joint_state_broadcaster'
[ign gazebo-5] [INFO] [1791220943.052182284] [controller_manager]: Loading controller 'joint_trajectory_controller'
[spawner-2] [INFO] [1791220943.052947529] [spawner_joint_state_broadcaster]: [94mLoaded [1mjoint_state_broadcaster[0m
[ign gazebo-5] [WARN] [1791220943.058026682] [joint_trajectory_controller]: [Deprecated]: "allow_nonzero_velocity_at_trajectory_end" is set to true. The default behavior will change to false.
[ign gazebo-5] [INFO] [1791220943.058156199] [controller_manager]: Configuring controller 'joint_state_broadcaster'
[ign gazebo-5] [INFO] [1791220943.058281546] [joint_state_broadcaster]: 'joints' or 'interfaces' parameter is empty. All available state interfaces will be published
[spawner-3] [INFO] [1791220943.058672871] [spawner_joint_trajectory_controller]: [94mLoaded [1mjoint_trajectory_controller[0m
[ign gazebo-5] [INFO] [1791220943.061723013] [controller_manager]: Configuring controller 'joint_trajectory_controller'
[ign gazebo-5] [INFO] [1791220943.061837754] [joint_trajectory_controller]: No specific joint names are used for command interfaces. Using 'joints' parameter.
[ign gazebo-5] [INFO] [1791220943.061853053] [joint_trajectory_controller]: Command interfaces are [position] and state interfaces are [position velocity].
[ign gazebo-5] [INFO] [1791220943.061867309] [joint_trajectory_controller]: Using 'splines' interpolation method.
[ign gazebo-5] [INFO] [1791220943.062439761] [joint_trajectory_controller]: Controller state will be published at 100.00 Hz.
[ign gazebo-5] [INFO] [1791220943.063536704] [joint_trajectory_controller]: Action status changes will be monitored at 20.00 Hz.
[ign gazebo-5] [WARN] [1791220943.063709967] [gz_ros2_control]:  Desired controller update period (0.002 s) is slower than the gazebo simulation period (0.001 s).
[spawner-2] [INFO] [1791220943.072389512] [spawner_joint_state_broadcaster]: [92mConfigured and activated [1mjoint_state_broadcaster[0m
[spawner-3] [INFO] [1791220943.076442889] [spawner_joint_trajectory_controller]: [92mConfigured and activated [1mjoint_trajectory_controller[0m
[INFO] [spawner-2]: process has finished cleanly [pid 32393]
[INFO] [spawner-3]: process has finished cleanly [pid 32395]
[ign gazebo-5] [1;36m[Dbg] [SimulationRunner.cc:512] [0m[1;36mCreating postupdate worker thread ([0m[1;36m0[0m[1;36m)[0m[1;36m[0m
[ign gazebo-5] [1;36m[Dbg] [SystemManager.cc:73] [0m[1;36mLoaded system [[0m[1;36mign_ros2_control::IgnitionROS2ControlPlugin[0m[1;36m] for entity [[0m[1;36m35[0m[1;36m][0m[1;36m[0m
[ign gazebo-5] [1;36m[Dbg] [UserCommands.cc:1303] [0m[1;36mCreated entity [[0m[1;36m35[0m[1;36m] named [[0m[1;36mur[0m[1;36m][0m[1;36m[0m
[ign gazebo-5] [1;32m[Msg] [0m[1;32mServing scene information on [[0m[1;32m/world/bai2[0m[1;32m/[0m[1;32mscene/info[0m[1;32m][0m[1;32m[0m
[ign gazebo-5] [1;32m[Msg] [0m[1;32mServing graph information on [[0m[1;32m/world/bai2[0m[1;32m/[0m[1;32mscene/graph[0m[1;32m][0m[1;32m[0m
[ign gazebo-5] [1;32m[Msg] [0m[1;32mServing full state on [[0m[1;32m/world/bai2[0m[1;32m/[0m[1;32mstate[0m[1;32m][0m[1;32m[0m
[ign gazebo-5] [1;32m[Msg] [0m[1;32mServing full state (async) on [[0m[1;32m/world/bai2[0m[1;32m/[0m[1;32mstate_async[0m[1;32m][0m[1;32m[0m
[ign gazebo-5] [1;32m[Msg] [0m[1;32mPublishing scene information on [[0m[1;32m/world/bai2/scene/info[0m[1;32m][0m[1;32m[0m
[ign gazebo-5] [1;32m[Msg] [0m[1;32mPublishing entity deletions on [[0m[1;32m/world/bai2/scene/deletion[0m[1;32m][0m[1;32m[0m
[ign gazebo-5] [1;32m[Msg] [0m[1;32mPublishing state changes on [[0m[1;32m/world/bai2/state[0m[1;32m][0m[1;32m[0m
[ign gazebo-5] [1;32m[Msg] [0m[1;32mPublishing pose messages on [[0m[1;32m/world/bai2[0m[1;32m/[0m[1;32mpose/info[0m[1;32m][0m[1;32m[0m
[ign gazebo-5] [1;32m[Msg] [0m[1;32mPublishing dynamic pose messages on [[0m[1;32m/world/bai2[0m[1;32m/[0m[1;32mdynamic_pose/info[0m[1;32m][0m[1;32m[0m
[ign gazebo-5] [1;36m[Dbg] [SimulationRunner.cc:528] [0m[1;36mExiting postupdate worker thread ([0m[1;36m0[0m[1;36m)[0m[1;36m[0m
[ign gazebo-5] [1;36m[Dbg] [SimulationRunner.cc:501] [0m[1;36mCreating PostUpdate worker threads: [0m[1;36m3[0m[1;36m[0m
[ign gazebo-5] [1;36m[Dbg] [SimulationRunner.cc:512] [0m[1;36mCreating postupdate worker thread ([0m[1;36m0[0m[1;36m)[0m[1;36m[0m
[ign gazebo-5] [1;36m[Dbg] [SimulationRunner.cc:512] [0m[1;36mCreating postupdate worker thread ([0m[1;36m1[0m[1;36m)[0m[1;36m[0m
[ign gazebo-5] [INFO] [1791220962.560392210] [controller_manager]: Loading controller 'gripper_controller'
[ign gazebo-5] [WARN] [1791220962.565376836] [gripper_controller]: [Deprecated]: "allow_nonzero_velocity_at_trajectory_end" is set to true. The default behavior will change to false.
[ign gazebo-5] [INFO] [1791220962.576650986] [controller_manager]: Configuring controller 'gripper_controller'
[ign gazebo-5] [INFO] [1791220962.576712300] [gripper_controller]: No specific joint names are used for command interfaces. Using 'joints' parameter.
[ign gazebo-5] [INFO] [1791220962.576722030] [gripper_controller]: Command interfaces are [position] and state interfaces are [position velocity].
[ign gazebo-5] [INFO] [1791220962.576729171] [gripper_controller]: Using 'splines' interpolation method.
[ign gazebo-5] [INFO] [1791220962.576908754] [gripper_controller]: Controller state will be published at 50.00 Hz.
[ign gazebo-5] [INFO] [1791220962.577619761] [gripper_controller]: Action status changes will be monitored at 20.00 Hz.
[ign gazebo-5] [INFO] [1791221286.422430522] [gripper_controller]: Received new action goal
[ign gazebo-5] [INFO] [1791221286.422497406] [gripper_controller]: Accepted new action goal
[ign gazebo-5] [INFO] [1791221289.423466847] [gripper_controller]: Goal reached, success!
[ign gazebo-5] [INFO] [1791221361.175936002] [joint_trajectory_controller]: Received new action goal
[ign gazebo-5] [INFO] [1791221361.175975110] [joint_trajectory_controller]: Accepted new action goal
[ign gazebo-5] [INFO] [1791221366.176433926] [joint_trajectory_controller]: Goal reached, success!
[ign gazebo-5] [INFO] [1791221366.681079887] [gripper_controller]: Received new action goal
[ign gazebo-5] [INFO] [1791221366.681117508] [gripper_controller]: Accepted new action goal
[ign gazebo-5] [INFO] [1791221369.682425790] [gripper_controller]: Goal reached, success!
[ign gazebo-5] [INFO] [1791221370.234957676] [gripper_controller]: Received new action goal
[ign gazebo-5] [INFO] [1791221370.234988291] [gripper_controller]: Accepted new action goal
[ign gazebo-5] [ERROR] [1791221371.398521520] [tolerances]: State tolerances failed for joint 1:
[ign gazebo-5] [ERROR] [1791221371.398564807] [tolerances]: Position Error: 0.005008, Position Tolerance: 0.005000
[ign gazebo-5] [WARN] [1791221371.398579189] [gripper_controller]: Aborted due to state tolerance violation
[ign gazebo-5] [INFO] [1791221442.897572007] [joint_trajectory_controller]: Received new action goal
[ign gazebo-5] [INFO] [1791221442.897606214] [joint_trajectory_controller]: Accepted new action goal
[ign gazebo-5] [INFO] [1791221447.898199365] [joint_trajectory_controller]: Goal reached, success!
[ign gazebo-5] [INFO] [1791221448.452928824] [gripper_controller]: Received new action goal
[ign gazebo-5] [INFO] [1791221448.452967483] [gripper_controller]: Accepted new action goal
[ign gazebo-5] [INFO] [1791221451.454205123] [gripper_controller]: Goal reached, success!
[ign gazebo-5] [INFO] [1791221452.006729544] [gripper_controller]: Received new action goal
[ign gazebo-5] [INFO] [1791221452.006774305] [gripper_controller]: Accepted new action goal
[ign gazebo-5] [ERROR] [1791221453.170124972] [tolerances]: State tolerances failed for joint 1:
[ign gazebo-5] [ERROR] [1791221453.170177919] [tolerances]: Position Error: 0.005008, Position Tolerance: 0.005000
[ign gazebo-5] [WARN] [1791221453.170186675] [gripper_controller]: Aborted due to state tolerance violation
[ign gazebo-5] [INFO] [1791221480.255224700] [joint_trajectory_controller]: Received new action goal
[ign gazebo-5] [INFO] [1791221480.255264010] [joint_trajectory_controller]: Accepted new action goal
[ign gazebo-5] [INFO] [1791221485.256162005] [joint_trajectory_controller]: Goal reached, success!
[ign gazebo-5] [INFO] [1791221485.812107922] [gripper_controller]: Received new action goal
[ign gazebo-5] [INFO] [1791221485.812143237] [gripper_controller]: Accepted new action goal
[ign gazebo-5] [INFO] [1791221488.812296945] [gripper_controller]: Goal reached, success!
[ign gazebo-5] [INFO] [1791221489.316497633] [gripper_controller]: Received new action goal
[ign gazebo-5] [INFO] [1791221489.316527999] [gripper_controller]: Accepted new action goal
[ign gazebo-5] [ERROR] [1791221490.480162531] [tolerances]: State tolerances failed for joint 0:
[ign gazebo-5] [ERROR] [1791221490.480209390] [tolerances]: Position Error: 0.005008, Position Tolerance: 0.005000
[ign gazebo-5] [WARN] [1791221490.480220661] [gripper_controller]: Aborted due to state tolerance violation
[WARNING] [launch]: user interrupted with ctrl-c (SIGINT)
[INFO] [parameter_bridge-6]: sending signal 'SIGINT' to process[parameter_bridge-6]
[INFO] [ign gazebo-5]: sending signal 'SIGINT' to process[ign gazebo-5]
[INFO] [robot_state_publisher-1]: sending signal 'SIGINT' to process[robot_state_publisher-1]
[parameter_bridge-6] [INFO] [1791221855.053613069] [rclcpp]: signal_handler(SIGINT/SIGTERM)
[robot_state_publisher-1] [INFO] [1791221855.054445493] [rclcpp]: signal_handler(SIGINT/SIGTERM)
[INFO] [parameter_bridge-6]: process has finished cleanly [pid 32401]
[INFO] [robot_state_publisher-1]: process has finished cleanly [pid 32391]
[ERROR] [ign gazebo-5]: process[ign gazebo-5] failed to terminate '5' seconds after receiving 'SIGINT', escalating to 'SIGTERM'
[INFO] [ign gazebo-5]: sending signal 'SIGTERM' to process[ign gazebo-5]
[ERROR] [ign gazebo-5]: process has died [pid 32399, exit code -15, cmd 'ruby /usr/bin/ign gazebo  -s -r -v 4 /home/hung/workspaces/ur_gz_humble/src/hri_bai2_environment/worlds/bai2.sdf --force-version 6'].
