[INFO] [launch]: All log files can be found below /home/hung/workspaces/ur_gz_humble/artifacts/gripper_debug/fixed_roslog/2026-10-06-00-38-02-183373-7560-ubuntu-33556
[INFO] [launch]: Default logging verbosity is set to INFO
[INFO] [robot_state_publisher-1]: process started with pid [33570]
[INFO] [spawner-2]: process started with pid [33572]
[INFO] [spawner-3]: process started with pid [33574]
[INFO] [create-4]: process started with pid [33576]
[INFO] [ign gazebo-5]: process started with pid [33578]
[INFO] [parameter_bridge-6]: process started with pid [33582]
[INFO] [spawner-7]: process started with pid [33584]
[INFO] [move_group-8]: process started with pid [33586]
[INFO] [initialize_scene.py-9]: process started with pid [33588]
[robot_state_publisher-1] [INFO] [1791221882.920143002] [robot_state_publisher]: got segment base
[robot_state_publisher-1] [INFO] [1791221882.920269671] [robot_state_publisher]: got segment base_link
[robot_state_publisher-1] [INFO] [1791221882.920279110] [robot_state_publisher]: got segment base_link_inertia
[robot_state_publisher-1] [INFO] [1791221882.920284771] [robot_state_publisher]: got segment flange
[robot_state_publisher-1] [INFO] [1791221882.920290480] [robot_state_publisher]: got segment forearm_link
[robot_state_publisher-1] [INFO] [1791221882.920295736] [robot_state_publisher]: got segment ft_frame
[robot_state_publisher-1] [INFO] [1791221882.920300948] [robot_state_publisher]: got segment grasp_tcp
[robot_state_publisher-1] [INFO] [1791221882.920306385] [robot_state_publisher]: got segment gripper_base
[robot_state_publisher-1] [INFO] [1791221882.920312103] [robot_state_publisher]: got segment ground_plane
[robot_state_publisher-1] [INFO] [1791221882.920317900] [robot_state_publisher]: got segment left_finger
[robot_state_publisher-1] [INFO] [1791221882.920323130] [robot_state_publisher]: got segment right_finger
[robot_state_publisher-1] [INFO] [1791221882.920328314] [robot_state_publisher]: got segment shoulder_link
[robot_state_publisher-1] [INFO] [1791221882.920333782] [robot_state_publisher]: got segment tool0
[robot_state_publisher-1] [INFO] [1791221882.920339246] [robot_state_publisher]: got segment upper_arm_link
[robot_state_publisher-1] [INFO] [1791221882.920345253] [robot_state_publisher]: got segment world
[robot_state_publisher-1] [INFO] [1791221882.920351062] [robot_state_publisher]: got segment wrist_1_link
[robot_state_publisher-1] [INFO] [1791221882.920357177] [robot_state_publisher]: got segment wrist_2_link
[robot_state_publisher-1] [INFO] [1791221882.920362943] [robot_state_publisher]: got segment wrist_3_link
[create-4] [INFO] [1791221882.933999880] [ros_gz_sim]: Requesting list of world names.
[move_group-8] [WARN] [1791221882.945669776] [move_group.move_group]: Falling back to using the the move_group node namespace (deprecated behavior).
[move_group-8] [INFO] [1791221882.949021366] [moveit_rdf_loader.rdf_loader]: Loaded robot model in 0 seconds
[move_group-8] [INFO] [1791221882.949157419] [moveit_robot_model.robot_model]: Loading robot model 'ur'...
[move_group-8] [INFO] [1791221882.949163392] [moveit_robot_model.robot_model]: No root/virtual joint specified in SRDF. Assuming fixed joint
[parameter_bridge-6] [INFO] [1791221882.967581476] [ros_gz_bridge]: Creating GZ->ROS Bridge: [/clock (ignition.msgs.Clock) -> /clock (rosgraph_msgs/msg/Clock)] (Lazy 0)
[move_group-8] [INFO] [1791221882.995670226] [moveit_ros.planning_scene_monitor.planning_scene_monitor]: Publishing maintained planning scene on 'monitored_planning_scene'
[move_group-8] [INFO] [1791221882.995809293] [moveit.ros_planning_interface.moveit_cpp]: Listening to 'joint_states' for joint states
[move_group-8] [INFO] [1791221882.996228055] [moveit_ros.current_state_monitor]: Listening to joint states on topic 'joint_states'
[move_group-8] [INFO] [1791221882.996468773] [moveit_ros.planning_scene_monitor.planning_scene_monitor]: Listening to '/attached_collision_object' for attached collision objects
[move_group-8] [INFO] [1791221882.996482923] [moveit_ros.planning_scene_monitor.planning_scene_monitor]: Starting planning scene monitor
[move_group-8] [INFO] [1791221882.996621033] [moveit_ros.planning_scene_monitor.planning_scene_monitor]: Listening to '/planning_scene'
[move_group-8] [INFO] [1791221882.996630138] [moveit_ros.planning_scene_monitor.planning_scene_monitor]: Starting world geometry update monitor for collision objects, attached objects, octomap updates.
[move_group-8] [INFO] [1791221882.996770121] [moveit_ros.planning_scene_monitor.planning_scene_monitor]: Listening to 'collision_object'
[move_group-8] [INFO] [1791221882.996911405] [moveit_ros.planning_scene_monitor.planning_scene_monitor]: Listening to 'planning_scene_world' for planning scene world geometry
[move_group-8] [WARN] [1791221882.996990943] [moveit.ros.occupancy_map_monitor.middleware_handle]: Resolution not specified for Octomap. Assuming resolution = 0.1 instead
[move_group-8] [ERROR] [1791221882.996998350] [moveit.ros.occupancy_map_monitor.middleware_handle]: No 3D sensor plugin(s) defined for octomap updates
[move_group-8] [INFO] [1791221882.999639834] [moveit.ros_planning_interface.moveit_cpp]: Loading planning pipeline 'move_group'
[move_group-8] [INFO] [1791221883.007489621] [moveit.ros_planning.planning_pipeline]: Using planning interface 'OMPL'
[move_group-8] [INFO] [1791221883.008597358] [moveit_ros.add_time_optimal_parameterization]: Param 'move_group.path_tolerance' was not set. Using default value: 0.100000
[move_group-8] [INFO] [1791221883.008609830] [moveit_ros.add_time_optimal_parameterization]: Param 'move_group.resample_dt' was not set. Using default value: 0.100000
[move_group-8] [INFO] [1791221883.008612734] [moveit_ros.add_time_optimal_parameterization]: Param 'move_group.min_angle_change' was not set. Using default value: 0.001000
[move_group-8] [INFO] [1791221883.008621568] [moveit_ros.fix_workspace_bounds]: Param 'move_group.default_workspace_bounds' was not set. Using default value: 10.000000
[move_group-8] [INFO] [1791221883.008630506] [moveit_ros.fix_start_state_bounds]: Param 'move_group.start_state_max_bounds_error' was set to 0.100000
[move_group-8] [INFO] [1791221883.008633756] [moveit_ros.fix_start_state_bounds]: Param 'move_group.start_state_max_dt' was not set. Using default value: 0.500000
[move_group-8] [INFO] [1791221883.008640791] [moveit_ros.fix_start_state_collision]: Param 'move_group.start_state_max_dt' was not set. Using default value: 0.500000
[move_group-8] [INFO] [1791221883.008643683] [moveit_ros.fix_start_state_collision]: Param 'move_group.jiggle_fraction' was not set. Using default value: 0.020000
[move_group-8] [INFO] [1791221883.008646473] [moveit_ros.fix_start_state_collision]: Param 'move_group.max_sampling_attempts' was not set. Using default value: 100
[move_group-8] [INFO] [1791221883.008652967] [moveit.ros_planning.planning_pipeline]: Using planning request adapter 'Add Time Optimal Parameterization'
[move_group-8] [INFO] [1791221883.008655242] [moveit.ros_planning.planning_pipeline]: Using planning request adapter 'Fix Workspace Bounds'
[move_group-8] [INFO] [1791221883.008657325] [moveit.ros_planning.planning_pipeline]: Using planning request adapter 'Fix Start State Bounds'
[move_group-8] [INFO] [1791221883.008659122] [moveit.ros_planning.planning_pipeline]: Using planning request adapter 'Fix Start State In Collision'
[move_group-8] [INFO] [1791221883.008660916] [moveit.ros_planning.planning_pipeline]: Using planning request adapter 'Fix Start State Path Constraints'
[move_group-8] [INFO] [1791221883.022002548] [moveit.plugins.moveit_simple_controller_manager]: Added FollowJointTrajectory controller for scaled_joint_trajectory_controller
[move_group-8] [INFO] [1791221883.023026363] [moveit.plugins.moveit_simple_controller_manager]: Added FollowJointTrajectory controller for joint_trajectory_controller
[move_group-8] [INFO] [1791221883.023147450] [moveit.plugins.moveit_simple_controller_manager]: Returned 2 controllers in list
[move_group-8] [INFO] [1791221883.023164348] [moveit.plugins.moveit_simple_controller_manager]: Returned 2 controllers in list
[move_group-8] [INFO] [1791221883.023406735] [moveit_ros.trajectory_execution_manager]: Trajectory execution is not managing controllers
[move_group-8] [INFO] [1791221883.023423141] [move_group.move_group]: MoveGroup debug mode is ON
[move_group-8] [INFO] [1791221883.033520011] [move_group.move_group]: 
[move_group-8] 
[move_group-8] ********************************************************
[move_group-8] * MoveGroup using: 
[move_group-8] *     - ApplyPlanningSceneService
[move_group-8] *     - ClearOctomapService
[move_group-8] *     - CartesianPathService
[move_group-8] *     - ExecuteTrajectoryAction
[move_group-8] *     - GetPlanningSceneService
[move_group-8] *     - KinematicsService
[move_group-8] *     - MoveAction
[move_group-8] *     - MotionPlanService
[move_group-8] *     - QueryPlannersService
[move_group-8] *     - StateValidationService
[move_group-8] ********************************************************
[move_group-8] 
[move_group-8] [INFO] [1791221883.033559666] [moveit_move_group_capabilities_base.move_group_context]: MoveGroup context using planning plugin ompl_interface/OMPLPlanner
[move_group-8] [INFO] [1791221883.033568354] [moveit_move_group_capabilities_base.move_group_context]: MoveGroup context initialization complete
[move_group-8] [96mLoading 'move_group/ApplyPlanningSceneService'...
[move_group-8] [0m[96mLoading 'move_group/ClearOctomapService'...
[move_group-8] [0m[96mLoading 'move_group/MoveGroupCartesianPathService'...
[move_group-8] [0m[96mLoading 'move_group/MoveGroupExecuteTrajectoryAction'...
[move_group-8] [0m[96mLoading 'move_group/MoveGroupGetPlanningSceneService'...
[move_group-8] [0m[96mLoading 'move_group/MoveGroupKinematicsService'...
[move_group-8] [0m[96mLoading 'move_group/MoveGroupMoveAction'...
[move_group-8] [0m[96mLoading 'move_group/MoveGroupPlanService'...
[move_group-8] [0m[96mLoading 'move_group/MoveGroupQueryPlannersService'...
[move_group-8] [0m[96mLoading 'move_group/MoveGroupStateValidationService'...
[move_group-8] [0m[92m
[move_group-8] You can start planning now!
[move_group-8] 
[spawner-7] [INFO] [1791221883.161190514] [spawner_gripper_controller]: waiting for service /controller_manager/list_controllers to become available...
[spawner-3] [INFO] [1791221883.162920785] [spawner_joint_trajectory_controller]: waiting for service /controller_manager/list_controllers to become available...
[spawner-2] [INFO] [1791221883.175257821] [spawner_joint_state_broadcaster]: waiting for service /controller_manager/list_controllers to become available...
[initialize_scene.py-9] [INFO] [1791221883.283774135] [bai2_scene_initializer]: Dang cho dich vu MoveIt...
[initialize_scene.py-9] [INFO] [1791221883.286433230] [bai2_scene_initializer]: SCENE READY: work_table, red_cube, yellow_cube, blue_cube
[create-4] [INFO] [1791221883.306023111] [ros_gz_sim]: Requested creation of entity.
[create-4] [INFO] [1791221883.306098794] [ros_gz_sim]: OK creation of entity.
[INFO] [create-4]: process has finished cleanly [pid 33576]
[INFO] [initialize_scene.py-9]: process has finished cleanly [pid 33588]
[ign gazebo-5] [1;32m[Msg] [0m[1;32mIgnition Gazebo Server v[0m[1;32m6.18.0[0m[1;32m[0m
[ign gazebo-5] [1;32m[Msg] [0m[1;32mLoading SDF world file[[0m[1;32m/home/hung/workspaces/ur_gz_humble/install/hri_bai2_environment/share/hri_bai2_environment/worlds/bai2.sdf[0m[1;32m].[0m
[ign gazebo-5] [1;32m[Msg] [0m[1;32mServing entity system service on [[0m[1;32m/[0m[1;32mentity/system/add[0m[1;32m][0m[1;32m[0m
[ign gazebo-5] [1;36m[Dbg] [Physics.cc:804] [0m[1;36mLoaded [[0m[1;36mignition::physics::dartsim::Plugin[0m[1;36m] from library [[0m[1;36m/usr/lib/x86_64-linux-gnu/ign-physics-5/engine-plugins/libignition-physics-dartsim-plugin.so[0m[1;36m][0m[1;36m[0m
[ign gazebo-5] [1;36m[Dbg] [SystemManager.cc:73] [0m[1;36mLoaded system [[0m[1;36mignition::gazebo::systems::Physics[0m[1;36m] for entity [[0m[1;36m1[0m[1;36m][0m[1;36m[0m
[ign gazebo-5] [1;32m[Msg] [0m[1;32mCreate service on [[0m[1;32m/world/bai2/create[0m[1;32m][0m[1;32m[0m
[ign gazebo-5] [1;32m[Msg] [0m[1;32mRemove service on [[0m[1;32m/world/bai2/remove[0m[1;32m][0m[1;32m[0m
[ign gazebo-5] [1;32m[Msg] [0m[1;32mPose service on [[0m[1;32m/world/bai2/set_pose[0m[1;32m][0m[1;32m[0m
[ign gazebo-5] [1;32m[Msg] [0m[1;32mPose service on [[0m[1;32m/world/bai2/set_pose_vector[0m[1;32m][0m[1;32m[0m
[ign gazebo-5] [1;32m[Msg] [0m[1;32mLight configuration service on [[0m[1;32m/world/bai2/light_config[0m[1;32m][0m[1;32m[0m
[ign gazebo-5] [1;32m[Msg] [0m[1;32mPhysics service on [[0m[1;32m/world/bai2/set_physics[0m[1;32m][0m[1;32m[0m
[ign gazebo-5] [1;32m[Msg] [0m[1;32mSphericalCoordinates service on [[0m[1;32m/world/bai2/set_spherical_coordinates[0m[1;32m][0m[1;32m[0m
[ign gazebo-5] [1;32m[Msg] [0m[1;32mEnable collision service on [[0m[1;32m/world/bai2/enable_collision[0m[1;32m][0m[1;32m[0m
[ign gazebo-5] [1;32m[Msg] [0m[1;32mDisable collision service on [[0m[1;32m/world/bai2/disable_collision[0m[1;32m][0m[1;32m[0m
[ign gazebo-5] [1;32m[Msg] [0m[1;32mMaterial service on [[0m[1;32m/world/bai2/visual_config[0m[1;32m][0m[1;32m[0m
[ign gazebo-5] [1;32m[Msg] [0m[1;32mMaterial service on [[0m[1;32m/world/bai2/wheel_slip[0m[1;32m][0m[1;32m[0m
[ign gazebo-5] [1;36m[Dbg] [SystemManager.cc:73] [0m[1;36mLoaded system [[0m[1;36mignition::gazebo::systems::UserCommands[0m[1;36m] for entity [[0m[1;36m1[0m[1;36m][0m[1;36m[0m
[ign gazebo-5] [1;36m[Dbg] [SystemManager.cc:73] [0m[1;36mLoaded system [[0m[1;36mignition::gazebo::systems::SceneBroadcaster[0m[1;36m] for entity [[0m[1;36m1[0m[1;36m][0m[1;36m[0m
[ign gazebo-5] [1;32m[Msg] [0m[1;32mLoaded level [[0m[1;32m3[0m[1;32m][0m[1;32m[0m
[ign gazebo-5] [1;32m[Msg] [0m[1;32mServing world controls on [[0m[1;32m/world/bai2[0m[1;32m/control], [[0m[1;32m/world/bai2[0m[1;32m/control/state] and [[0m[1;32m/world/bai2[0m[1;32m/playback/control][0m[1;32m[0m
[ign gazebo-5] [1;32m[Msg] [0m[1;32mServing GUI information on [[0m[1;32m/world/bai2[0m[1;32m/[0m[1;32mgui/info[0m[1;32m][0m[1;32m[0m
[ign gazebo-5] [1;32m[Msg] [0m[1;32mWorld [[0m[1;32mbai2[0m[1;32m] initialized with [[0m[1;32mphysics[0m[1;32m] physics profile.[0m[1;32m[0m
[ign gazebo-5] [1;32m[Msg] [0m[1;32mServing world SDF generation service on [[0m[1;32m/world/bai2[0m[1;32m/[0m[1;32mgenerate_world_sdf[0m[1;32m][0m[1;32m[0m
[ign gazebo-5] [1;32m[Msg] [0m[1;32mServing world names on [[0m[1;32m/gazebo/worlds[0m[1;32m][0m[1;32m[0m
[ign gazebo-5] [1;32m[Msg] [0m[1;32mResource path add service on [[0m[1;32m/gazebo/resource_paths/add[0m[1;32m].[0m[1;32m[0m
[ign gazebo-5] [1;32m[Msg] [0m[1;32mResource path get service on [[0m[1;32m/gazebo/resource_paths/get[0m[1;32m].[0m[1;32m[0m
[ign gazebo-5] [1;32m[Msg] [0m[1;32mResource path resolve service on [[0m[1;32m/gazebo/resource_paths/resolve[0m[1;32m].[0m[1;32m[0m
[ign gazebo-5] [1;32m[Msg] [0m[1;32mResource paths published on [[0m[1;32m/gazebo/resource_paths[0m[1;32m].[0m[1;32m[0m
[ign gazebo-5] [1;32m[Msg] [0m[1;32mServer control service on [[0m[1;32m/server_control[0m[1;32m].[0m[1;32m[0m
[ign gazebo-5] [1;32m[Msg] [0m[1;32mFound no publishers on /stats, adding root stats topic[0m[1;32m[0m
[ign gazebo-5] [1;32m[Msg] [0m[1;32mFound no publishers on /clock, adding root clock topic[0m[1;32m[0m
[ign gazebo-5] [INFO] [1791221885.101978088] [GazeboSimROS2ControlPlugin]: robot_param_node is robot_state_publisher
[ign gazebo-5] [INFO] [1791221885.102004158] [GazeboSimROS2ControlPlugin]: robot_param_node is robot_description
[ign gazebo-5] [INFO] [1791221885.457573691] [gz_ros2_control]: connected to service!! robot_state_publisher asking for robot_description
[ign gazebo-5] [INFO] [1791221885.457943797] [gz_ros2_control]: Received URDF from param server
[ign gazebo-5] [INFO] [1791221885.458827435] [gz_ros2_control]: [gz_ros2_control] Fixed joint ['base_joint'] (Entity='65') is skipped.
[ign gazebo-5] [INFO] [1791221885.460885348] [gz_ros2_control]: The position_proportional_gain has been set to: 0.1
[ign gazebo-5] [INFO] [1791221885.460926062] [gz_ros2_control]: Loading joint: shoulder_pan_joint
[ign gazebo-5] [INFO] [1791221885.460933842] [gz_ros2_control]: 	State:
[ign gazebo-5] [INFO] [1791221885.460940614] [gz_ros2_control]: 		 position
[ign gazebo-5] [INFO] [1791221885.460949022] [gz_ros2_control]: 			 found initial value: 0.000000
[ign gazebo-5] [INFO] [1791221885.460955966] [gz_ros2_control]: 		 velocity
[ign gazebo-5] [INFO] [1791221885.460962068] [gz_ros2_control]: 		 effort
[ign gazebo-5] [INFO] [1791221885.460968143] [gz_ros2_control]: 	Command:
[ign gazebo-5] [INFO] [1791221885.460974385] [gz_ros2_control]: 		 position
[ign gazebo-5] [INFO] [1791221885.460985703] [gz_ros2_control]: 		 velocity
[ign gazebo-5] [INFO] [1791221885.460993923] [gz_ros2_control]: Loading joint: shoulder_lift_joint
[ign gazebo-5] [INFO] [1791221885.460997965] [gz_ros2_control]: 	State:
[ign gazebo-5] [INFO] [1791221885.461001145] [gz_ros2_control]: 		 position
[ign gazebo-5] [INFO] [1791221885.461004768] [gz_ros2_control]: 			 found initial value: -1.570000
[ign gazebo-5] [INFO] [1791221885.461008591] [gz_ros2_control]: 		 velocity
[ign gazebo-5] [INFO] [1791221885.461012040] [gz_ros2_control]: 		 effort
[ign gazebo-5] [INFO] [1791221885.461015704] [gz_ros2_control]: 	Command:
[ign gazebo-5] [INFO] [1791221885.461019306] [gz_ros2_control]: 		 position
[ign gazebo-5] [INFO] [1791221885.461023727] [gz_ros2_control]: 		 velocity
[ign gazebo-5] [INFO] [1791221885.461029702] [gz_ros2_control]: Loading joint: elbow_joint
[ign gazebo-5] [INFO] [1791221885.461033559] [gz_ros2_control]: 	State:
[ign gazebo-5] [INFO] [1791221885.461041795] [gz_ros2_control]: 		 position
[ign gazebo-5] [INFO] [1791221885.461045538] [gz_ros2_control]: 			 found initial value: 0.000000
[ign gazebo-5] [INFO] [1791221885.461049327] [gz_ros2_control]: 		 velocity
[ign gazebo-5] [INFO] [1791221885.461052560] [gz_ros2_control]: 		 effort
[ign gazebo-5] [INFO] [1791221885.461056246] [gz_ros2_control]: 	Command:
[ign gazebo-5] [INFO] [1791221885.461059380] [gz_ros2_control]: 		 position
[ign gazebo-5] [INFO] [1791221885.461063724] [gz_ros2_control]: 		 velocity
[ign gazebo-5] [INFO] [1791221885.461069277] [gz_ros2_control]: Loading joint: wrist_1_joint
[ign gazebo-5] [INFO] [1791221885.461073082] [gz_ros2_control]: 	State:
[ign gazebo-5] [INFO] [1791221885.461076329] [gz_ros2_control]: 		 position
[ign gazebo-5] [INFO] [1791221885.461079761] [gz_ros2_control]: 			 found initial value: -1.570000
[ign gazebo-5] [INFO] [1791221885.461085913] [gz_ros2_control]: 		 velocity
[ign gazebo-5] [INFO] [1791221885.461089618] [gz_ros2_control]: 		 effort
[ign gazebo-5] [INFO] [1791221885.461092969] [gz_ros2_control]: 	Command:
[ign gazebo-5] [INFO] [1791221885.461096041] [gz_ros2_control]: 		 position
[ign gazebo-5] [INFO] [1791221885.461100164] [gz_ros2_control]: 		 velocity
[ign gazebo-5] [INFO] [1791221885.461105933] [gz_ros2_control]: Loading joint: wrist_2_joint
[ign gazebo-5] [INFO] [1791221885.461109627] [gz_ros2_control]: 	State:
[ign gazebo-5] [INFO] [1791221885.461112848] [gz_ros2_control]: 		 position
[ign gazebo-5] [INFO] [1791221885.461116004] [gz_ros2_control]: 			 found initial value: 0.000000
[ign gazebo-5] [INFO] [1791221885.461119678] [gz_ros2_control]: 		 velocity
[ign gazebo-5] [INFO] [1791221885.461123086] [gz_ros2_control]: 		 effort
[ign gazebo-5] [INFO] [1791221885.461128794] [gz_ros2_control]: 	Command:
[ign gazebo-5] [INFO] [1791221885.461133247] [gz_ros2_control]: 		 position
[ign gazebo-5] [INFO] [1791221885.461138377] [gz_ros2_control]: 		 velocity
[ign gazebo-5] [INFO] [1791221885.461146418] [gz_ros2_control]: Loading joint: wrist_3_joint
[ign gazebo-5] [INFO] [1791221885.461149924] [gz_ros2_control]: 	State:
[ign gazebo-5] [INFO] [1791221885.461153053] [gz_ros2_control]: 		 position
[ign gazebo-5] [INFO] [1791221885.461156241] [gz_ros2_control]: 			 found initial value: 0.000000
[ign gazebo-5] [INFO] [1791221885.461161284] [gz_ros2_control]: 		 velocity
[ign gazebo-5] [INFO] [1791221885.461169320] [gz_ros2_control]: 		 effort
[ign gazebo-5] [INFO] [1791221885.461172716] [gz_ros2_control]: 	Command:
[ign gazebo-5] [INFO] [1791221885.461175983] [gz_ros2_control]: 		 position
[ign gazebo-5] [INFO] [1791221885.461180201] [gz_ros2_control]: 		 velocity
[ign gazebo-5] [INFO] [1791221885.461235819] [resource_manager]: Initialize hardware 'ur' 
[ign gazebo-5] [WARN] [1791221885.461256971] [gz_ros2_control]: The ign_ros2_control plugin got renamed to gz_ros2_control.
[ign gazebo-5] Update the <ros2_control> tag and gazebo plugin to
[ign gazebo-5] <hardware>
[ign gazebo-5]   <plugin>gz_ros2_control/GazeboSimSystem</plugin>
[ign gazebo-5] </hardware>
[ign gazebo-5] <gazebo>
[ign gazebo-5]   <plugin filename="gz_ros2_control-system"name="gz_ros2_control::GazeboSimROS2ControlPlugin">
[ign gazebo-5]     ...
[ign gazebo-5]   </plugin>
[ign gazebo-5] </gazebo>
[ign gazebo-5] [INFO] [1791221885.461301586] [resource_manager]: Successful initialization of hardware 'ur'
[ign gazebo-5] [INFO] [1791221885.461328915] [resource_manager]: 'configure' hardware 'ur' 
[ign gazebo-5] [INFO] [1791221885.461331328] [gz_ros2_control]: System Successfully configured!
[ign gazebo-5] [INFO] [1791221885.461337374] [resource_manager]: Successful 'configure' of hardware 'ur'
[ign gazebo-5] [INFO] [1791221885.461342536] [resource_manager]: 'activate' hardware 'ur' 
[ign gazebo-5] [INFO] [1791221885.461347476] [resource_manager]: Successful 'activate' of hardware 'ur'
[ign gazebo-5] [INFO] [1791221885.461412888] [gz_ros2_control]: The position_proportional_gain has been set to: 0.1
[ign gazebo-5] [INFO] [1791221885.461424523] [gz_ros2_control]: Loading joint: left_finger_joint
[ign gazebo-5] [INFO] [1791221885.461428846] [gz_ros2_control]: 	State:
[ign gazebo-5] [INFO] [1791221885.461432327] [gz_ros2_control]: 		 position
[ign gazebo-5] [INFO] [1791221885.461436077] [gz_ros2_control]: 			 found initial value: 0.015000
[ign gazebo-5] [INFO] [1791221885.461440360] [gz_ros2_control]: 		 velocity
[ign gazebo-5] [INFO] [1791221885.461443786] [gz_ros2_control]: 		 effort
[ign gazebo-5] [INFO] [1791221885.461447021] [gz_ros2_control]: 	Command:
[ign gazebo-5] [INFO] [1791221885.461450271] [gz_ros2_control]: 		 effort
[ign gazebo-5] [INFO] [1791221885.461470819] [gz_ros2_control]: Loading joint: right_finger_joint
[ign gazebo-5] [INFO] [1791221885.461477359] [gz_ros2_control]: 	State:
[ign gazebo-5] [INFO] [1791221885.461482660] [gz_ros2_control]: 		 position
[ign gazebo-5] [INFO] [1791221885.461487998] [gz_ros2_control]: 			 found initial value: 0.015000
[ign gazebo-5] [INFO] [1791221885.461492767] [gz_ros2_control]: 		 velocity
[ign gazebo-5] [INFO] [1791221885.461496707] [gz_ros2_control]: 		 effort
[ign gazebo-5] [INFO] [1791221885.461500343] [gz_ros2_control]: 	Command:
[ign gazebo-5] [INFO] [1791221885.461504184] [gz_ros2_control]: 		 effort
[ign gazebo-5] [INFO] [1791221885.461513102] [resource_manager]: Initialize hardware 'hri_gripper' 
[ign gazebo-5] [WARN] [1791221885.461523675] [gz_ros2_control]: The ign_ros2_control plugin got renamed to gz_ros2_control.
[ign gazebo-5] Update the <ros2_control> tag and gazebo plugin to
[ign gazebo-5] <hardware>
[ign gazebo-5]   <plugin>gz_ros2_control/GazeboSimSystem</plugin>
[ign gazebo-5] </hardware>
[ign gazebo-5] <gazebo>
[ign gazebo-5]   <plugin filename="gz_ros2_control-system"name="gz_ros2_control::GazeboSimROS2ControlPlugin">
[ign gazebo-5]     ...
[ign gazebo-5]   </plugin>
[ign gazebo-5] </gazebo>
[ign gazebo-5] [INFO] [1791221885.461530963] [resource_manager]: Successful initialization of hardware 'hri_gripper'
[ign gazebo-5] [INFO] [1791221885.461538884] [resource_manager]: 'configure' hardware 'hri_gripper' 
[ign gazebo-5] [INFO] [1791221885.461541077] [gz_ros2_control]: System Successfully configured!
[ign gazebo-5] [INFO] [1791221885.461546017] [resource_manager]: Successful 'configure' of hardware 'hri_gripper'
[ign gazebo-5] [INFO] [1791221885.461549263] [resource_manager]: 'activate' hardware 'hri_gripper' 
[ign gazebo-5] [INFO] [1791221885.461552145] [resource_manager]: Successful 'activate' of hardware 'hri_gripper'
[ign gazebo-5] [INFO] [1791221885.461554942] [gz_ros2_control]: Loading controller_manager
[ign gazebo-5] [WARN] [1791221885.486843343] [gz_ros2_control]:  Desired controller update period (0.002 s) is slower than the gazebo simulation period (0.001 s).
[ign gazebo-5] [INFO] [1791221885.666520896] [controller_manager]: Loading controller 'gripper_controller'
[ign gazebo-5] [WARN] [1791221885.673681730] [gripper_controller]: [Deprecated]: "allow_nonzero_velocity_at_trajectory_end" is set to true. The default behavior will change to false.
[ign gazebo-5] [INFO] [1791221885.674827305] [controller_manager]: Loading controller 'joint_trajectory_controller'
[spawner-7] [INFO] [1791221885.675425757] [spawner_gripper_controller]: [94mLoaded [1mgripper_controller[0m
[ign gazebo-5] [WARN] [1791221885.680184692] [joint_trajectory_controller]: [Deprecated]: "allow_nonzero_velocity_at_trajectory_end" is set to true. The default behavior will change to false.
[ign gazebo-5] [INFO] [1791221885.680943559] [controller_manager]: Configuring controller 'gripper_controller'
[ign gazebo-5] [INFO] [1791221885.681148661] [gripper_controller]: No specific joint names are used for command interfaces. Using 'joints' parameter.
[ign gazebo-5] [WARN] [1791221885.681186196] [gripper_controller]: 'ff_velocity_scale' parameters is not defined under 'gains.<joint_name>.' structure. Maybe you are using deprecated format 'ff_velocity_scale/<joint_name>'!
[ign gazebo-5] [WARN] [1791221885.681276080] [gripper_controller]: 'ff_velocity_scale' parameters is not defined under 'gains.<joint_name>.' structure. Maybe you are using deprecated format 'ff_velocity_scale/<joint_name>'!
[ign gazebo-5] [INFO] [1791221885.681320602] [gripper_controller]: Command interfaces are [effort] and state interfaces are [position velocity].
[ign gazebo-5] [INFO] [1791221885.681339126] [gripper_controller]: Using 'splines' interpolation method.
[spawner-3] [INFO] [1791221885.681574908] [spawner_joint_trajectory_controller]: [94mLoaded [1mjoint_trajectory_controller[0m
[ign gazebo-5] [INFO] [1791221885.682825526] [gripper_controller]: Controller state will be published at 50.00 Hz.
[ign gazebo-5] [INFO] [1791221885.685237328] [gripper_controller]: Action status changes will be monitored at 20.00 Hz.
[ign gazebo-5] [INFO] [1791221885.688868004] [controller_manager]: Loading controller 'joint_state_broadcaster'
[ign gazebo-5] [INFO] [1791221885.694725665] [controller_manager]: Configuring controller 'joint_trajectory_controller'
[ign gazebo-5] [INFO] [1791221885.694848596] [joint_trajectory_controller]: No specific joint names are used for command interfaces. Using 'joints' parameter.
[ign gazebo-5] [INFO] [1791221885.694863245] [joint_trajectory_controller]: Command interfaces are [position] and state interfaces are [position velocity].
[ign gazebo-5] [INFO] [1791221885.694871716] [joint_trajectory_controller]: Using 'splines' interpolation method.
[ign gazebo-5] [INFO] [1791221885.695085568] [joint_trajectory_controller]: Controller state will be published at 100.00 Hz.
[spawner-2] [INFO] [1791221885.695328936] [spawner_joint_state_broadcaster]: [94mLoaded [1mjoint_state_broadcaster[0m
[ign gazebo-5] [INFO] [1791221885.695862864] [joint_trajectory_controller]: Action status changes will be monitored at 20.00 Hz.
[ign gazebo-5] [INFO] [1791221885.698944990] [controller_manager]: Configuring controller 'joint_state_broadcaster'
[ign gazebo-5] [INFO] [1791221885.698985086] [joint_state_broadcaster]: 'joints' or 'interfaces' parameter is empty. All available state interfaces will be published
[spawner-7] [INFO] [1791221885.705295454] [spawner_gripper_controller]: [92mConfigured and activated [1mgripper_controller[0m
[spawner-3] [INFO] [1791221885.709388889] [spawner_joint_trajectory_controller]: [92mConfigured and activated [1mjoint_trajectory_controller[0m
[spawner-2] [INFO] [1791221885.713557578] [spawner_joint_state_broadcaster]: [92mConfigured and activated [1mjoint_state_broadcaster[0m
[INFO] [spawner-7]: process has finished cleanly [pid 33584]
[INFO] [spawner-3]: process has finished cleanly [pid 33574]
[INFO] [spawner-2]: process has finished cleanly [pid 33572]
[ign gazebo-5] [1;36m[Dbg] [SimulationRunner.cc:501] [0m[1;36mCreating PostUpdate worker threads: [0m[1;36m2[0m[1;36m[0m
[ign gazebo-5] [1;36m[Dbg] [SimulationRunner.cc:512] [0m[1;36mCreating postupdate worker thread ([0m[1;36m0[0m[1;36m)[0m[1;36m[0m
[ign gazebo-5] [1;36m[Dbg] [SystemManager.cc:73] [0m[1;36mLoaded system [[0m[1;36mign_ros2_control::IgnitionROS2ControlPlugin[0m[1;36m] for entity [[0m[1;36m35[0m[1;36m][0m[1;36m[0m
[ign gazebo-5] [1;36m[Dbg] [UserCommands.cc:1303] [0m[1;36mCreated entity [[0m[1;36m35[0m[1;36m] named [[0m[1;36mur[0m[1;36m][0m[1;36m[0m
[ign gazebo-5] [1;32m[Msg] [0m[1;32mServing scene information on [[0m[1;32m/world/bai2[0m[1;32m/[0m[1;32mscene/info[0m[1;32m][0m[1;32m[0m
[ign gazebo-5] [1;32m[Msg] [0m[1;32mServing graph information on [[0m[1;32m/world/bai2[0m[1;32m/[0m[1;32mscene/graph[0m[1;32m][0m[1;32m[0m
[ign gazebo-5] [1;32m[Msg] [0m[1;32mServing full state on [[0m[1;32m/world/bai2[0m[1;32m/[0m[1;32mstate[0m[1;32m][0m[1;32m[0m
[ign gazebo-5] [1;32m[Msg] [0m[1;32mServing full state (async) on [[0m[1;32m/world/bai2[0m[1;32m/[0m[1;32mstate_async[0m[1;32m][0m[1;32m[0m
[ign gazebo-5] [1;32m[Msg] [0m[1;32mPublishing scene information on [[0m[1;32m/world/bai2/scene/info[0m[1;32m][0m[1;32m[0m
[ign gazebo-5] [1;32m[Msg] [0m[1;32mPublishing entity deletions on [[0m[1;32m/world/bai2/scene/deletion[0m[1;32m][0m[1;32m[0m
[ign gazebo-5] [1;32m[Msg] [0m[1;32mPublishing state changes on [[0m[1;32m/world/bai2/state[0m[1;32m][0m[1;32m[0m
[ign gazebo-5] [1;32m[Msg] [0m[1;32mPublishing pose messages on [[0m[1;32m/world/bai2[0m[1;32m/[0m[1;32mpose/info[0m[1;32m][0m[1;32m[0m
[ign gazebo-5] [1;32m[Msg] [0m[1;32mPublishing dynamic pose messages on [[0m[1;32m/world/bai2[0m[1;32m/[0m[1;32mdynamic_pose/info[0m[1;32m][0m[1;32m[0m
[ign gazebo-5] [1;36m[Dbg] [SimulationRunner.cc:528] [0m[1;36mExiting postupdate worker thread ([0m[1;36m0[0m[1;36m)[0m[1;36m[0m
[ign gazebo-5] [1;36m[Dbg] [SimulationRunner.cc:501] [0m[1;36mCreating PostUpdate worker threads: [0m[1;36m3[0m[1;36m[0m
[ign gazebo-5] [1;36m[Dbg] [SimulationRunner.cc:512] [0m[1;36mCreating postupdate worker thread ([0m[1;36m0[0m[1;36m)[0m[1;36m[0m
[ign gazebo-5] [1;36m[Dbg] [SimulationRunner.cc:512] [0m[1;36mCreating postupdate worker thread ([0m[1;36m1[0m[1;36m)[0m[1;36m[0m
[ign gazebo-5] [INFO] [1791221913.929255348] [joint_trajectory_controller]: Received new action goal
[ign gazebo-5] [INFO] [1791221913.929346484] [joint_trajectory_controller]: Accepted new action goal
[ign gazebo-5] [INFO] [1791221918.934253243] [joint_trajectory_controller]: Goal reached, success!
[ign gazebo-5] [INFO] [1791221919.483331468] [gripper_controller]: Received new action goal
[ign gazebo-5] [INFO] [1791221919.483365777] [gripper_controller]: Accepted new action goal
[ign gazebo-5] [INFO] [1791221922.484237006] [gripper_controller]: Goal reached, success!
[ign gazebo-5] [INFO] [1791221923.037402766] [gripper_controller]: Received new action goal
[ign gazebo-5] [INFO] [1791221923.037444420] [gripper_controller]: Accepted new action goal
[ign gazebo-5] [INFO] [1791221926.038259324] [gripper_controller]: Goal reached, success!
[ign gazebo-5] [INFO] [1791221926.590590315] [gripper_controller]: Received new action goal
[ign gazebo-5] [INFO] [1791221926.590630681] [gripper_controller]: Accepted new action goal
[ign gazebo-5] [INFO] [1791221929.592276955] [gripper_controller]: Goal reached, success!
[ign gazebo-5] [INFO] [1791221930.145342342] [gripper_controller]: Received new action goal
[ign gazebo-5] [INFO] [1791221930.145384773] [gripper_controller]: Accepted new action goal
[ign gazebo-5] [INFO] [1791221933.146211662] [gripper_controller]: Goal reached, success!
[ign gazebo-5] [INFO] [1791221933.699583560] [gripper_controller]: Received new action goal
[ign gazebo-5] [INFO] [1791221933.699628544] [gripper_controller]: Accepted new action goal
[ign gazebo-5] [INFO] [1791221936.703443011] [gripper_controller]: Goal reached, success!
[ign gazebo-5] [INFO] [1791221937.254498362] [gripper_controller]: Received new action goal
[ign gazebo-5] [INFO] [1791221937.254552981] [gripper_controller]: Accepted new action goal
[ign gazebo-5] [INFO] [1791221940.255375136] [gripper_controller]: Goal reached, success!
[move_group-8] [INFO] [1791222043.454649138] [moveit_move_group_default_capabilities.move_action_capability]: Received request
[move_group-8] [INFO] [1791222043.454791863] [moveit_move_group_default_capabilities.move_action_capability]: executing..
[move_group-8] [INFO] [1791222043.454851995] [moveit_move_group_default_capabilities.move_action_capability]: Combined planning and execution request received for MoveGroup action. Forwarding to planning and execution pipeline.
[move_group-8] [INFO] [1791222043.454914943] [moveit_ros.plan_execution]: Planning attempt 1 of at most 1
[move_group-8] [INFO] [1791222043.455093021] [moveit_collision_detection_fcl.collision_common]: Found a contact between 'gripper_base' (type 'Robot link') and 'right_finger' (type 'Robot link'), which constitutes a collision. Contact information is not stored.
[move_group-8] [INFO] [1791222043.455103532] [moveit_collision_detection_fcl.collision_common]: Collision checking is considered complete (collision was found and 0 contacts are stored)
[move_group-8] [INFO] [1791222043.455107318] [moveit_ros.fix_start_state_collision]: Start state appears to be in collision with respect to group ur_manipulator
[move_group-8] [INFO] [1791222043.455243002] [moveit_ros.fix_start_state_collision]: Found a valid state near the start state at distance 0.429265 after 1 attempts
[move_group-8] [INFO] [1791222043.455664836] [moveit.ompl_planning.model_based_planning_context]: Planner configuration 'ur_manipulator' will use planner 'geometric::RRTConnect'. Additional configuration parameters will be set when the planner is constructed.
[move_group-8] [WARN] [1791222053.455911336] [ompl]: ./src/ompl/tools/multiplan/src/ParallelPlan.cpp:138 - ParallelPlan::solve(): Unable to find solution by any of the threads in 10.000043 seconds
[move_group-8] [INFO] [1791222053.455967098] [moveit.ompl_planning.model_based_planning_context]: Unable to solve the planning problem
[move_group-8] [INFO] [1791222053.456013890] [moveit_move_group_default_capabilities.move_action_capability]: Catastrophic failure
[WARNING] [launch]: user interrupted with ctrl-c (SIGINT)
[INFO] [move_group-8]: sending signal 'SIGINT' to process[move_group-8]
[INFO] [parameter_bridge-6]: sending signal 'SIGINT' to process[parameter_bridge-6]
[INFO] [ign gazebo-5]: sending signal 'SIGINT' to process[ign gazebo-5]
[INFO] [robot_state_publisher-1]: sending signal 'SIGINT' to process[robot_state_publisher-1]
[move_group-8] [INFO] [1791222163.013689231] [rclcpp]: signal_handler(SIGINT/SIGTERM)
[parameter_bridge-6] [INFO] [1791222163.014552496] [rclcpp]: signal_handler(SIGINT/SIGTERM)
[robot_state_publisher-1] [INFO] [1791222163.016587995] [rclcpp]: signal_handler(SIGINT/SIGTERM)
[move_group-8] [INFO] [1791222163.021772954] [moveit.ros_planning_interface.moveit_cpp]: Deleting MoveItCpp
[move_group-8] [INFO] [1791222163.022214284] [moveit_ros.planning_scene_monitor.planning_scene_monitor]: Stopped publishing maintained planning scene.
[move_group-8] [INFO] [1791222163.022552395] [moveit_ros.planning_scene_monitor.planning_scene_monitor]: Stopping world geometry monitor
[move_group-8] [INFO] [1791222163.022691254] [moveit_ros.planning_scene_monitor.planning_scene_monitor]: Stopping planning scene monitor
[move_group-8] Warning: class_loader.ClassLoader: SEVERE WARNING!!! Attempting to unload library while objects created by this loader exist in the heap! You should delete your objects before attempting to unload the library or destroying the ClassLoader. The library will NOT be unloaded.
[move_group-8]          at line 127 in ./src/class_loader.cpp
[move_group-8] Stack trace (most recent call last):
[move_group-8] #16   Object "", at 0xffffffffffffffff, in 
[move_group-8] #15   Object "/opt/ros/humble/lib/moveit_ros_move_group/move_group", at 0x5e91f72ee704, in 
[move_group-8] #14   Source "../csu/libc-start.c", line 392, in __libc_start_main_impl [0x7bd0efa29e3f]
[move_group-8] #13   Source "../sysdeps/nptl/libc_start_call_main.h", line 58, in __libc_start_call_main [0x7bd0efa29d8f]
[move_group-8] #12   Object "/opt/ros/humble/lib/moveit_ros_move_group/move_group", at 0x5e91f72ed63b, in 
[move_group-8] #11   Object "/opt/ros/humble/lib/moveit_ros_move_group/move_group", at 0x5e91f72ef6e9, in 
[move_group-8] #10   Object "/opt/ros/humble/lib/libmoveit_cpp.so.2.5.10", at 0x7bd0f05fd836, in moveit_cpp::MoveItCpp::~MoveItCpp()
[move_group-8] #9    Object "/opt/ros/humble/lib/libmoveit_cpp.so.2.5.10", at 0x7bd0f05fbb99, in 
[move_group-8] #8    Object "/opt/ros/humble/lib/libmoveit_trajectory_execution_manager.so.2.5.10", at 0x7bd0ef8d13a5, in trajectory_execution_manager::TrajectoryExecutionManager::~TrajectoryExecutionManager()
[move_group-8] #7    Object "/opt/ros/humble/lib/libmoveit_trajectory_execution_manager.so.2.5.10", at 0x7bd0ef8e42c9, in 
[move_group-8] #6    Object "/opt/ros/humble/lib/librclcpp.so", at 0x7bd0f025e95c, in rclcpp::Node::~Node()
[move_group-8] #5    Object "/opt/ros/humble/lib/librclcpp.so", at 0x7bd0f025e8fe, in rclcpp::Node::~Node()
[move_group-8] #4    Object "/opt/ros/humble/lib/librclcpp.so", at 0x7bd0f0238e19, in 
[move_group-8] #3    Object "/opt/ros/humble/lib/librclcpp.so", at 0x7bd0f0267ef9, in 
[move_group-8] #2    Object "/opt/ros/humble/lib/librclcpp.so", at 0x7bd0f0267e40, in rclcpp::node_interfaces::NodeBase::~NodeBase()
[move_group-8] #1    Object "/opt/ros/humble/lib/librclcpp.so", at 0x7bd0f0238e19, in 
[move_group-8] #0    Object "/opt/ros/humble/lib/librclcpp.so", at 0x7bd0f023dd51, in rclcpp::CallbackGroup::~CallbackGroup()
[move_group-8] Segmentation fault (Address not mapped to object [0x7bd0be76f798])
[INFO] [parameter_bridge-6]: process has finished cleanly [pid 33582]
[INFO] [robot_state_publisher-1]: process has finished cleanly [pid 33570]
[ERROR] [move_group-8]: process has died [pid 33586, exit code -11, cmd '/opt/ros/humble/lib/moveit_ros_move_group/move_group --ros-args --params-file /tmp/launch_params_mtlm4n41 --params-file /tmp/launch_params_4jxddbjp --params-file /tmp/launch_params_7cefog7q --params-file /opt/ros/humble/share/ur_moveit_config/config/kinematics.yaml --params-file /tmp/launch_params_k6coggqx --params-file /tmp/launch_params_k953eza_ --params-file /tmp/launch_params_2ayqavuy --params-file /tmp/launch_params_igloo8r4 --params-file /tmp/launch_params__vc04ggu --params-file /tmp/launch_params_hicqvsr3 --params-file /tmp/launch_params_ypsk22cw'].
[move_group-8] [0m
[ERROR] [ign gazebo-5]: process[ign gazebo-5] failed to terminate '5' seconds after receiving 'SIGINT', escalating to 'SIGTERM'
[INFO] [ign gazebo-5]: sending signal 'SIGTERM' to process[ign gazebo-5]
[ERROR] [ign gazebo-5]: process has died [pid 33578, exit code -15, cmd 'ruby /usr/bin/ign gazebo  -s -r -v 4 /home/hung/workspaces/ur_gz_humble/install/hri_bai2_environment/share/hri_bai2_environment/worlds/bai2.sdf --force-version 6'].
