[ERROR] [1791222183.170018148] [gz_ros2_control]: robot_state_publisher service not available, waiting again...
[INFO] [1791222183.661475954] [gz_ros2_control]: connected to service!! robot_state_publisher asking for robot_description
[INFO] [1791222183.662901904] [gz_ros2_control]: Received URDF from param server
[INFO] [1791222183.665633716] [gz_ros2_control]: [gz_ros2_control] Fixed joint ['base_joint'] (Entity='65') is skipped.
[INFO] [1791222183.667843556] [gz_ros2_control]: The position_proportional_gain has been set to: 0.1
[INFO] [1791222183.667880916] [gz_ros2_control]: Loading joint: shoulder_pan_joint
[INFO] [1791222183.667887963] [gz_ros2_control]: 	State:
[INFO] [1791222183.667892355] [gz_ros2_control]: 		 position
[INFO] [1791222183.667897667] [gz_ros2_control]: 			 found initial value: 0.000000
[INFO] [1791222183.667902904] [gz_ros2_control]: 		 velocity
[INFO] [1791222183.667906300] [gz_ros2_control]: 		 effort
[INFO] [1791222183.667909540] [gz_ros2_control]: 	Command:
[INFO] [1791222183.667913183] [gz_ros2_control]: 		 position
[INFO] [1791222183.667923861] [gz_ros2_control]: 		 velocity
[INFO] [1791222183.667934132] [gz_ros2_control]: Loading joint: shoulder_lift_joint
[INFO] [1791222183.667939428] [gz_ros2_control]: 	State:
[INFO] [1791222183.667943921] [gz_ros2_control]: 		 position
[INFO] [1791222183.667949134] [gz_ros2_control]: 			 found initial value: -1.570000
[INFO] [1791222183.667955098] [gz_ros2_control]: 		 velocity
[INFO] [1791222183.667961372] [gz_ros2_control]: 		 effort
[INFO] [1791222183.667966636] [gz_ros2_control]: 	Command:
[INFO] [1791222183.667971524] [gz_ros2_control]: 		 position
[INFO] [1791222183.667978314] [gz_ros2_control]: 		 velocity
[INFO] [1791222183.667986741] [gz_ros2_control]: Loading joint: elbow_joint
[INFO] [1791222183.667991989] [gz_ros2_control]: 	State:
[INFO] [1791222183.667996900] [gz_ros2_control]: 		 position
[INFO] [1791222183.668002115] [gz_ros2_control]: 			 found initial value: 0.000000
[INFO] [1791222183.668008183] [gz_ros2_control]: 		 velocity
[INFO] [1791222183.668013552] [gz_ros2_control]: 		 effort
[INFO] [1791222183.668019663] [gz_ros2_control]: 	Command:
[INFO] [1791222183.668024459] [gz_ros2_control]: 		 position
[INFO] [1791222183.668031379] [gz_ros2_control]: 		 velocity
[INFO] [1791222183.668045978] [gz_ros2_control]: Loading joint: wrist_1_joint
[INFO] [1791222183.668054801] [gz_ros2_control]: 	State:
[INFO] [1791222183.668059998] [gz_ros2_control]: 		 position
[INFO] [1791222183.668065425] [gz_ros2_control]: 			 found initial value: -1.570000
[INFO] [1791222183.668071476] [gz_ros2_control]: 		 velocity
[INFO] [1791222183.668077336] [gz_ros2_control]: 		 effort
[INFO] [1791222183.668081905] [gz_ros2_control]: 	Command:
[INFO] [1791222183.668086960] [gz_ros2_control]: 		 position
[INFO] [1791222183.668093322] [gz_ros2_control]: 		 velocity
[INFO] [1791222183.668099735] [gz_ros2_control]: Loading joint: wrist_2_joint
[INFO] [1791222183.668103197] [gz_ros2_control]: 	State:
[INFO] [1791222183.668106350] [gz_ros2_control]: 		 position
[INFO] [1791222183.668109807] [gz_ros2_control]: 			 found initial value: 0.000000
[INFO] [1791222183.668114415] [gz_ros2_control]: 		 velocity
[INFO] [1791222183.668117499] [gz_ros2_control]: 		 effort
[INFO] [1791222183.668120622] [gz_ros2_control]: 	Command:
[INFO] [1791222183.668123940] [gz_ros2_control]: 		 position
[INFO] [1791222183.668130700] [gz_ros2_control]: 		 velocity
[INFO] [1791222183.668136746] [gz_ros2_control]: Loading joint: wrist_3_joint
[INFO] [1791222183.668140367] [gz_ros2_control]: 	State:
[INFO] [1791222183.668143608] [gz_ros2_control]: 		 position
[INFO] [1791222183.668146485] [gz_ros2_control]: 			 found initial value: 0.000000
[INFO] [1791222183.668150117] [gz_ros2_control]: 		 velocity
[INFO] [1791222183.668153917] [gz_ros2_control]: 		 effort
[INFO] [1791222183.668157089] [gz_ros2_control]: 	Command:
[INFO] [1791222183.668160163] [gz_ros2_control]: 		 position
[INFO] [1791222183.668165648] [gz_ros2_control]: 		 velocity
[INFO] [1791222183.668230490] [resource_manager]: Initialize hardware 'ur' 
[WARN] [1791222183.668249287] [gz_ros2_control]: The ign_ros2_control plugin got renamed to gz_ros2_control.
Update the <ros2_control> tag and gazebo plugin to
<hardware>
  <plugin>gz_ros2_control/GazeboSimSystem</plugin>
</hardware>
<gazebo>
  <plugin filename="gz_ros2_control-system"name="gz_ros2_control::GazeboSimROS2ControlPlugin">
    ...
  </plugin>
</gazebo>
[INFO] [1791222183.668291360] [resource_manager]: Successful initialization of hardware 'ur'
[INFO] [1791222183.668320098] [resource_manager]: 'configure' hardware 'ur' 
[INFO] [1791222183.668323884] [gz_ros2_control]: System Successfully configured!
[INFO] [1791222183.668333212] [resource_manager]: Successful 'configure' of hardware 'ur'
[INFO] [1791222183.668340132] [resource_manager]: 'activate' hardware 'ur' 
[INFO] [1791222183.668345184] [resource_manager]: Successful 'activate' of hardware 'ur'
[INFO] [1791222183.668427424] [gz_ros2_control]: The position_proportional_gain has been set to: 0.1
[INFO] [1791222183.668444274] [gz_ros2_control]: Loading joint: left_finger_joint
[INFO] [1791222183.668449858] [gz_ros2_control]: 	State:
[INFO] [1791222183.668453668] [gz_ros2_control]: 		 position
[INFO] [1791222183.668457331] [gz_ros2_control]: 			 found initial value: 0.015000
[INFO] [1791222183.668461642] [gz_ros2_control]: 		 velocity
[INFO] [1791222183.668464860] [gz_ros2_control]: 		 effort
[INFO] [1791222183.668468230] [gz_ros2_control]: 	Command:
[INFO] [1791222183.668471579] [gz_ros2_control]: 		 effort
[INFO] [1791222183.668479356] [gz_ros2_control]: Loading joint: right_finger_joint
[INFO] [1791222183.668483086] [gz_ros2_control]: 	State:
[INFO] [1791222183.668486124] [gz_ros2_control]: 		 position
[INFO] [1791222183.668489216] [gz_ros2_control]: 			 found initial value: 0.015000
[INFO] [1791222183.668493013] [gz_ros2_control]: 		 velocity
[INFO] [1791222183.668496069] [gz_ros2_control]: 		 effort
[INFO] [1791222183.668499157] [gz_ros2_control]: 	Command:
[INFO] [1791222183.668502450] [gz_ros2_control]: 		 effort
[INFO] [1791222183.668511622] [resource_manager]: Initialize hardware 'hri_gripper' 
[WARN] [1791222183.668526318] [gz_ros2_control]: The ign_ros2_control plugin got renamed to gz_ros2_control.
Update the <ros2_control> tag and gazebo plugin to
<hardware>
  <plugin>gz_ros2_control/GazeboSimSystem</plugin>
</hardware>
<gazebo>
  <plugin filename="gz_ros2_control-system"name="gz_ros2_control::GazeboSimROS2ControlPlugin">
    ...
  </plugin>
</gazebo>
[INFO] [1791222183.668534946] [resource_manager]: Successful initialization of hardware 'hri_gripper'
[INFO] [1791222183.668542999] [resource_manager]: 'configure' hardware 'hri_gripper' 
[INFO] [1791222183.668545138] [gz_ros2_control]: System Successfully configured!
[INFO] [1791222183.668549769] [resource_manager]: Successful 'configure' of hardware 'hri_gripper'
[INFO] [1791222183.668552932] [resource_manager]: 'activate' hardware 'hri_gripper' 
[INFO] [1791222183.668555657] [resource_manager]: Successful 'activate' of hardware 'hri_gripper'
[INFO] [1791222183.668558308] [gz_ros2_control]: Loading controller_manager
[WARN] [1791222183.693018353] [gz_ros2_control]:  Desired controller update period (0.002 s) is slower than the gazebo simulation period (0.001 s).
[INFO] [1791222183.704239550] [controller_manager]: Loading controller 'joint_trajectory_controller'
[WARN] [1791222183.713517814] [joint_trajectory_controller]: [Deprecated]: "allow_nonzero_velocity_at_trajectory_end" is set to true. The default behavior will change to false.
[INFO] [1791222183.715628501] [controller_manager]: Loading controller 'gripper_controller'
[WARN] [1791222183.720546763] [gripper_controller]: [Deprecated]: "allow_nonzero_velocity_at_trajectory_end" is set to true. The default behavior will change to false.
[INFO] [1791222183.721373418] [controller_manager]: Configuring controller 'joint_trajectory_controller'
[INFO] [1791222183.721577828] [joint_trajectory_controller]: No specific joint names are used for command interfaces. Using 'joints' parameter.
[INFO] [1791222183.721594985] [joint_trajectory_controller]: Command interfaces are [position] and state interfaces are [position velocity].
[INFO] [1791222183.721612430] [joint_trajectory_controller]: Using 'splines' interpolation method.
[INFO] [1791222183.723249312] [joint_trajectory_controller]: Controller state will be published at 100.00 Hz.
[INFO] [1791222183.725670844] [joint_trajectory_controller]: Action status changes will be monitored at 20.00 Hz.
[INFO] [1791222183.729604394] [controller_manager]: Configuring controller 'gripper_controller'
[INFO] [1791222183.729929038] [gripper_controller]: No specific joint names are used for command interfaces. Using 'joints' parameter.
[WARN] [1791222183.730003946] [gripper_controller]: 'ff_velocity_scale' parameters is not defined under 'gains.<joint_name>.' structure. Maybe you are using deprecated format 'ff_velocity_scale/<joint_name>'!
[WARN] [1791222183.730146509] [gripper_controller]: 'ff_velocity_scale' parameters is not defined under 'gains.<joint_name>.' structure. Maybe you are using deprecated format 'ff_velocity_scale/<joint_name>'!
[INFO] [1791222183.730220531] [gripper_controller]: Command interfaces are [effort] and state interfaces are [position velocity].
[INFO] [1791222183.730247394] [gripper_controller]: Using 'splines' interpolation method.
[INFO] [1791222183.730587191] [gripper_controller]: Controller state will be published at 50.00 Hz.
[INFO] [1791222183.731451747] [gripper_controller]: Action status changes will be monitored at 20.00 Hz.
[INFO] [1791222183.844763570] [controller_manager]: Loading controller 'joint_state_broadcaster'
[INFO] [1791222183.853254665] [controller_manager]: Configuring controller 'joint_state_broadcaster'
[INFO] [1791222183.853390121] [joint_state_broadcaster]: 'joints' or 'interfaces' parameter is empty. All available state interfaces will be published
[INFO] [1791222202.193046450] [joint_trajectory_controller]: Received new action goal
[INFO] [1791222202.193105645] [joint_trajectory_controller]: Accepted new action goal
[INFO] [1791222205.950441252] [joint_trajectory_controller]: Goal reached, success!
[INFO] [1791222271.047529480] [gripper_controller]: Received new action goal
[INFO] [1791222271.047596500] [gripper_controller]: Accepted new action goal
[INFO] [1791222274.047569280] [gripper_controller]: Goal reached, success!
[INFO] [1791222274.554193379] [gripper_controller]: Received new action goal
[INFO] [1791222274.554238158] [gripper_controller]: Accepted new action goal
[INFO] [1791222277.555581032] [gripper_controller]: Goal reached, success!
[INFO] [1791222278.109818926] [gripper_controller]: Received new action goal
[INFO] [1791222278.109852383] [gripper_controller]: Accepted new action goal
[INFO] [1791222281.111584311] [gripper_controller]: Goal reached, success!
[INFO] [1791222281.667058046] [gripper_controller]: Received new action goal
[INFO] [1791222281.667101301] [gripper_controller]: Accepted new action goal
[INFO] [1791222284.667666029] [gripper_controller]: Goal reached, success!
[INFO] [1791222285.224049232] [gripper_controller]: Received new action goal
[INFO] [1791222285.224087527] [gripper_controller]: Accepted new action goal
[INFO] [1791222288.225560142] [gripper_controller]: Goal reached, success!
[INFO] [1791222288.780949054] [gripper_controller]: Received new action goal
[INFO] [1791222288.780998045] [gripper_controller]: Accepted new action goal
[INFO] [1791222291.781814068] [gripper_controller]: Goal reached, success!
[INFO] [1791222292.336318078] [gripper_controller]: Received new action goal
[INFO] [1791222292.336378500] [gripper_controller]: Accepted new action goal
[INFO] [1791222295.337568854] [gripper_controller]: Goal reached, success!
[INFO] [1791222452.122347911] [joint_trajectory_controller]: Received new action goal
[INFO] [1791222452.122424614] [joint_trajectory_controller]: Accepted new action goal
[INFO] [1791222458.381619414] [joint_trajectory_controller]: Goal reached, success!
[INFO] [1791222500.357901893] [gripper_controller]: Received new action goal
[INFO] [1791222500.357942477] [gripper_controller]: Accepted new action goal
[INFO] [1791222503.359557302] [gripper_controller]: Goal reached, success!
[INFO] [1791222503.915677433] [gripper_controller]: Received new action goal
[INFO] [1791222503.915725303] [gripper_controller]: Accepted new action goal
[INFO] [1791222506.916656860] [gripper_controller]: Goal reached, success!
[INFO] [1791222507.472126073] [gripper_controller]: Received new action goal
[INFO] [1791222507.472190037] [gripper_controller]: Accepted new action goal
[INFO] [1791222510.472744961] [gripper_controller]: Goal reached, success!
[INFO] [1791222511.027803813] [gripper_controller]: Received new action goal
[INFO] [1791222511.027857746] [gripper_controller]: Accepted new action goal
[INFO] [1791222514.031535625] [gripper_controller]: Goal reached, success!
[INFO] [1791222514.584532951] [gripper_controller]: Received new action goal
[INFO] [1791222514.584570455] [gripper_controller]: Accepted new action goal
[INFO] [1791222517.585504273] [gripper_controller]: Goal reached, success!
[INFO] [1791222518.140303603] [gripper_controller]: Received new action goal
[INFO] [1791222518.140355177] [gripper_controller]: Accepted new action goal
[INFO] [1791222521.147463684] [gripper_controller]: Goal reached, success!
[INFO] [1791222521.698214717] [gripper_controller]: Received new action goal
[INFO] [1791222521.698252849] [gripper_controller]: Accepted new action goal
[INFO] [1791222524.699424840] [gripper_controller]: Goal reached, success!
[INFO] [1791222561.182485204] [gripper_controller]: Received new action goal
[INFO] [1791222561.182554477] [gripper_controller]: Accepted new action goal
[INFO] [1791222564.182734816] [gripper_controller]: Goal reached, success!
[INFO] [1791222564.688615159] [gripper_controller]: Received new action goal
[INFO] [1791222564.688674244] [gripper_controller]: Accepted new action goal
[INFO] [1791222567.688759634] [gripper_controller]: Goal reached, success!
