[WARN] [1791222180.494864738] [move_group.move_group]: Falling back to using the the move_group node namespace (deprecated behavior).
[INFO] [1791222180.497926375] [moveit_rdf_loader.rdf_loader]: Loaded robot model in 0 seconds
[INFO] [1791222180.497959078] [moveit_robot_model.robot_model]: Loading robot model 'ur'...
[INFO] [1791222180.497966287] [moveit_robot_model.robot_model]: No root/virtual joint specified in SRDF. Assuming fixed joint
[INFO] [1791222180.543139682] [moveit_ros.planning_scene_monitor.planning_scene_monitor]: Publishing maintained planning scene on 'monitored_planning_scene'
[INFO] [1791222180.543252106] [moveit.ros_planning_interface.moveit_cpp]: Listening to 'joint_states' for joint states
[INFO] [1791222180.543631681] [moveit_ros.current_state_monitor]: Listening to joint states on topic 'joint_states'
[INFO] [1791222180.543822675] [moveit_ros.planning_scene_monitor.planning_scene_monitor]: Listening to '/attached_collision_object' for attached collision objects
[INFO] [1791222180.543834137] [moveit_ros.planning_scene_monitor.planning_scene_monitor]: Starting planning scene monitor
[INFO] [1791222180.543964755] [moveit_ros.planning_scene_monitor.planning_scene_monitor]: Listening to '/planning_scene'
[INFO] [1791222180.543974361] [moveit_ros.planning_scene_monitor.planning_scene_monitor]: Starting world geometry update monitor for collision objects, attached objects, octomap updates.
[INFO] [1791222180.544220957] [moveit_ros.planning_scene_monitor.planning_scene_monitor]: Listening to 'collision_object'
[INFO] [1791222180.544376997] [moveit_ros.planning_scene_monitor.planning_scene_monitor]: Listening to 'planning_scene_world' for planning scene world geometry
[WARN] [1791222180.544450664] [moveit.ros.occupancy_map_monitor.middleware_handle]: Resolution not specified for Octomap. Assuming resolution = 0.1 instead
[ERROR] [1791222180.544457954] [moveit.ros.occupancy_map_monitor.middleware_handle]: No 3D sensor plugin(s) defined for octomap updates
[INFO] [1791222180.547019687] [moveit.ros_planning_interface.moveit_cpp]: Loading planning pipeline 'move_group'
[INFO] [1791222180.554870780] [moveit.ros_planning.planning_pipeline]: Using planning interface 'OMPL'
[INFO] [1791222180.556011741] [moveit_ros.add_time_optimal_parameterization]: Param 'move_group.path_tolerance' was not set. Using default value: 0.100000
[INFO] [1791222180.556024241] [moveit_ros.add_time_optimal_parameterization]: Param 'move_group.resample_dt' was not set. Using default value: 0.100000
[INFO] [1791222180.556027241] [moveit_ros.add_time_optimal_parameterization]: Param 'move_group.min_angle_change' was not set. Using default value: 0.001000
[INFO] [1791222180.556043204] [moveit_ros.fix_workspace_bounds]: Param 'move_group.default_workspace_bounds' was not set. Using default value: 10.000000
[INFO] [1791222180.556055971] [moveit_ros.fix_start_state_bounds]: Param 'move_group.start_state_max_bounds_error' was set to 0.100000
[INFO] [1791222180.556059546] [moveit_ros.fix_start_state_bounds]: Param 'move_group.start_state_max_dt' was not set. Using default value: 0.500000
[INFO] [1791222180.556067638] [moveit_ros.fix_start_state_collision]: Param 'move_group.start_state_max_dt' was not set. Using default value: 0.500000
[INFO] [1791222180.556070928] [moveit_ros.fix_start_state_collision]: Param 'move_group.jiggle_fraction' was not set. Using default value: 0.020000
[INFO] [1791222180.556073758] [moveit_ros.fix_start_state_collision]: Param 'move_group.max_sampling_attempts' was not set. Using default value: 100
[INFO] [1791222180.556080534] [moveit.ros_planning.planning_pipeline]: Using planning request adapter 'Add Time Optimal Parameterization'
[INFO] [1791222180.556083478] [moveit.ros_planning.planning_pipeline]: Using planning request adapter 'Fix Workspace Bounds'
[INFO] [1791222180.556085716] [moveit.ros_planning.planning_pipeline]: Using planning request adapter 'Fix Start State Bounds'
[INFO] [1791222180.556087661] [moveit.ros_planning.planning_pipeline]: Using planning request adapter 'Fix Start State In Collision'
[INFO] [1791222180.556089552] [moveit.ros_planning.planning_pipeline]: Using planning request adapter 'Fix Start State Path Constraints'
[INFO] [1791222180.571296507] [moveit.plugins.moveit_simple_controller_manager]: Added FollowJointTrajectory controller for scaled_joint_trajectory_controller
[INFO] [1791222180.572434076] [moveit.plugins.moveit_simple_controller_manager]: Added FollowJointTrajectory controller for joint_trajectory_controller
[INFO] [1791222180.572538766] [moveit.plugins.moveit_simple_controller_manager]: Returned 2 controllers in list
[INFO] [1791222180.572557516] [moveit.plugins.moveit_simple_controller_manager]: Returned 2 controllers in list
[INFO] [1791222180.572778471] [moveit_ros.trajectory_execution_manager]: Trajectory execution is not managing controllers
[INFO] [1791222180.572790686] [move_group.move_group]: MoveGroup debug mode is ON
[INFO] [1791222180.580860380] [move_group.move_group]: 

********************************************************
* MoveGroup using: 
*     - ApplyPlanningSceneService
*     - ClearOctomapService
*     - CartesianPathService
*     - ExecuteTrajectoryAction
*     - GetPlanningSceneService
*     - KinematicsService
*     - MoveAction
*     - MotionPlanService
*     - QueryPlannersService
*     - StateValidationService
********************************************************

[INFO] [1791222180.580901346] [moveit_move_group_capabilities_base.move_group_context]: MoveGroup context using planning plugin ompl_interface/OMPLPlanner
[INFO] [1791222180.580909074] [moveit_move_group_capabilities_base.move_group_context]: MoveGroup context initialization complete
[INFO] [1791222202.171599650] [moveit_move_group_default_capabilities.move_action_capability]: Received request
[INFO] [1791222202.171728025] [moveit_move_group_default_capabilities.move_action_capability]: executing..
[INFO] [1791222202.172840146] [moveit_move_group_default_capabilities.move_action_capability]: Combined planning and execution request received for MoveGroup action. Forwarding to planning and execution pipeline.
[INFO] [1791222202.172920342] [moveit_ros.plan_execution]: Planning attempt 1 of at most 1
[INFO] [1791222202.173635297] [moveit.ompl_planning.model_based_planning_context]: Planner configuration 'ur_manipulator' will use planner 'geometric::RRTConnect'. Additional configuration parameters will be set when the planner is constructed.
[INFO] [1791222202.191114141] [moveit.plugins.moveit_simple_controller_manager]: Returned 2 controllers in list
[INFO] [1791222202.191138076] [moveit.plugins.moveit_simple_controller_manager]: Returned 2 controllers in list
[INFO] [1791222202.191198854] [moveit_ros.trajectory_execution_manager]: Validating trajectory with allowed_start_tolerance 0.01
[INFO] [1791222202.192470213] [moveit_ros.trajectory_execution_manager]: Starting trajectory execution ...
[INFO] [1791222202.192511195] [moveit.plugins.moveit_simple_controller_manager]: Returned 2 controllers in list
[INFO] [1791222202.192528926] [moveit.plugins.moveit_simple_controller_manager]: Returned 2 controllers in list
[INFO] [1791222202.192720664] [moveit.simple_controller_manager.follow_joint_trajectory_controller_handle]: sending trajectory to joint_trajectory_controller
[INFO] [1791222202.193224052] [moveit.simple_controller_manager.follow_joint_trajectory_controller_handle]: joint_trajectory_controller started execution
[INFO] [1791222202.193238587] [moveit.simple_controller_manager.follow_joint_trajectory_controller_handle]: Goal request accepted!
[INFO] [1791222205.993758455] [moveit.simple_controller_manager.follow_joint_trajectory_controller_handle]: Controller 'joint_trajectory_controller' successfully finished
[INFO] [1791222205.994610008] [moveit_ros.trajectory_execution_manager]: Completed trajectory execution with status SUCCEEDED ...
[INFO] [1791222206.002628992] [moveit_move_group_default_capabilities.move_action_capability]: Solution was found and executed.
[INFO] [1791222452.100447445] [moveit_move_group_default_capabilities.move_action_capability]: Received request
[INFO] [1791222452.100500781] [moveit_move_group_default_capabilities.move_action_capability]: executing..
[INFO] [1791222452.101818445] [moveit_move_group_default_capabilities.move_action_capability]: Combined planning and execution request received for MoveGroup action. Forwarding to planning and execution pipeline.
[INFO] [1791222452.101850027] [moveit_ros.plan_execution]: Planning attempt 1 of at most 1
[INFO] [1791222452.102148481] [moveit.ompl_planning.model_based_planning_context]: Planner configuration 'ur_manipulator' will use planner 'geometric::RRTConnect'. Additional configuration parameters will be set when the planner is constructed.
[INFO] [1791222452.121854783] [moveit.plugins.moveit_simple_controller_manager]: Returned 2 controllers in list
[INFO] [1791222452.121876368] [moveit.plugins.moveit_simple_controller_manager]: Returned 2 controllers in list
[INFO] [1791222452.121920399] [moveit_ros.trajectory_execution_manager]: Validating trajectory with allowed_start_tolerance 0.01
[INFO] [1791222452.121970938] [moveit_ros.trajectory_execution_manager]: Starting trajectory execution ...
[INFO] [1791222452.122005717] [moveit.plugins.moveit_simple_controller_manager]: Returned 2 controllers in list
[INFO] [1791222452.122023795] [moveit.plugins.moveit_simple_controller_manager]: Returned 2 controllers in list
[INFO] [1791222452.122133068] [moveit.simple_controller_manager.follow_joint_trajectory_controller_handle]: sending trajectory to joint_trajectory_controller
[INFO] [1791222452.122534661] [moveit.simple_controller_manager.follow_joint_trajectory_controller_handle]: joint_trajectory_controller started execution
[INFO] [1791222452.122546940] [moveit.simple_controller_manager.follow_joint_trajectory_controller_handle]: Goal request accepted!
[INFO] [1791222458.422821471] [moveit.simple_controller_manager.follow_joint_trajectory_controller_handle]: Controller 'joint_trajectory_controller' successfully finished
[INFO] [1791222458.423720730] [moveit_ros.trajectory_execution_manager]: Completed trajectory execution with status SUCCEEDED ...
[INFO] [1791222458.432086774] [moveit_move_group_default_capabilities.move_action_capability]: Solution was found and executed.
[INFO] [1791222841.596077369] [rclcpp]: signal_handler(SIGINT/SIGTERM)
