[WARN] [1791222180.476593391] [moveit_servo.servo_node]: Intra-process communication is disabled, consider enabling it by adding: 
extra_arguments=[{'use_intra_process_comms' : True}]
to the Servo composable node in the launch file
[INFO] [1791222180.480307088] [moveit_rdf_loader.rdf_loader]: Loaded robot model in 0.00229542 seconds
[INFO] [1791222180.480333326] [moveit_robot_model.robot_model]: Loading robot model 'ur'...
[INFO] [1791222180.480338798] [moveit_robot_model.robot_model]: No root/virtual joint specified in SRDF. Assuming fixed joint
[WARN] [1791222180.494506680] [moveit_ros.robot_model_loader]: No kinematics plugins defined. Fill and load kinematics.yaml!
[INFO] [1791222180.523835012] [moveit_ros.current_state_monitor]: Listening to joint states on topic '/joint_states'
[INFO] [1791222180.527235396] [moveit_ros.planning_scene_monitor.planning_scene_monitor]: Listening to '/attached_collision_object' for attached collision objects
[INFO] [1791222180.527582873] [moveit_ros.planning_scene_monitor.planning_scene_monitor]: Starting planning scene monitor
[INFO] [1791222180.528305825] [moveit_ros.planning_scene_monitor.planning_scene_monitor]: Listening to '/planning_scene'
[INFO] [1791222180.528325805] [moveit_ros.planning_scene_monitor.planning_scene_monitor]: Starting world geometry update monitor for collision objects, attached objects, octomap updates.
[INFO] [1791222180.528543428] [moveit_ros.planning_scene_monitor.planning_scene_monitor]: Listening to 'collision_object'
[INFO] [1791222180.528719921] [moveit_ros.planning_scene_monitor.planning_scene_monitor]: Listening to 'planning_scene_world' for planning scene world geometry
[WARN] [1791222180.528808719] [moveit.ros.occupancy_map_monitor.middleware_handle]: Resolution not specified for Octomap. Assuming resolution = 0.1 instead
[ERROR] [1791222180.528820591] [moveit.ros.occupancy_map_monitor.middleware_handle]: No 3D sensor plugin(s) defined for octomap updates
[INFO] [1791222180.532749884] [moveit_ros.planning_scene_monitor.planning_scene_monitor]: Publishing maintained planning scene on '/servo_node/publish_planning_scene'
[WARN] [1791222180.582928002] [moveit_servo.servo_calcs]: No kinematics solver instantiated for group 'ur_manipulator'. Will use inverse Jacobian for servo calculations instead.
[WARN] [1791222180.582956041] [moveit_servo.collision_check]: Collision check rate is low, increase it in yaml file if CPU allows
[INFO] [1791222841.595315071] [rclcpp]: signal_handler(SIGINT/SIGTERM)
